../Core/Src/main.cpp:72:5:int main()	16	static
../Core/Src/main.cpp:122:6:void SystemClock_Config()	88	static
../Core/Src/main.cpp:170:13:void MX_ADC1_Init()	24	static
../Core/Src/main.cpp:222:13:void MX_SPI1_Init()	8	static
../Core/Src/main.cpp:260:13:void MX_USART2_UART_Init()	8	static
../Core/Src/main.cpp:293:13:void MX_GPIO_Init()	48	static
../Core/Src/main.cpp:333:6:void Error_Handler()	4	static,ignoring_inline_asm
../Core/Src/main.cpp:342:1:void __static_initialization_and_destruction_0(int, int)	16	static
../Core/Src/main.cpp:342:1:cpp)	8	static
