Archive member included to satisfy reference by file (symbol)

C:/ST/STM32CubeIDE_1.13.2/STM32CubeIDE/plugins/com.st.stm32cube.ide.mcu.externaltools.gnu-tools-for-stm32.11.3.rel1.win32_1.1.100.202309141235/tools/bin/../lib/gcc/arm-none-eabi/11.3.1/../../../../arm-none-eabi/lib/thumb/v7e-m+fp/hard\libc_nano.a(libc_a-exit.o)
                              C:/ST/STM32CubeIDE_1.13.2/STM32CubeIDE/plugins/com.st.stm32cube.ide.mcu.externaltools.gnu-tools-for-stm32.11.3.rel1.win32_1.1.100.202309141235/tools/bin/../lib/gcc/arm-none-eabi/11.3.1/../../../../arm-none-eabi/lib/thumb/v7e-m+fp/hard/crt0.o (exit)
C:/ST/STM32CubeIDE_1.13.2/STM32CubeIDE/plugins/com.st.stm32cube.ide.mcu.externaltools.gnu-tools-for-stm32.11.3.rel1.win32_1.1.100.202309141235/tools/bin/../lib/gcc/arm-none-eabi/11.3.1/../../../../arm-none-eabi/lib/thumb/v7e-m+fp/hard\libc_nano.a(libc_a-rand.o)
                              ./Core/Src/Snake_game.o (srand)
C:/ST/STM32CubeIDE_1.13.2/STM32CubeIDE/plugins/com.st.stm32cube.ide.mcu.externaltools.gnu-tools-for-stm32.11.3.rel1.win32_1.1.100.202309141235/tools/bin/../lib/gcc/arm-none-eabi/11.3.1/../../../../arm-none-eabi/lib/thumb/v7e-m+fp/hard\libc_nano.a(libc_a-findfp.o)
                              C:/ST/STM32CubeIDE_1.13.2/STM32CubeIDE/plugins/com.st.stm32cube.ide.mcu.externaltools.gnu-tools-for-stm32.11.3.rel1.win32_1.1.100.202309141235/tools/bin/../lib/gcc/arm-none-eabi/11.3.1/../../../../arm-none-eabi/lib/thumb/v7e-m+fp/hard\libc_nano.a(libc_a-exit.o) (__stdio_exit_handler)
C:/ST/STM32CubeIDE_1.13.2/STM32CubeIDE/plugins/com.st.stm32cube.ide.mcu.externaltools.gnu-tools-for-stm32.11.3.rel1.win32_1.1.100.202309141235/tools/bin/../lib/gcc/arm-none-eabi/11.3.1/../../../../arm-none-eabi/lib/thumb/v7e-m+fp/hard\libc_nano.a(libc_a-fwalk.o)
                              C:/ST/STM32CubeIDE_1.13.2/STM32CubeIDE/plugins/com.st.stm32cube.ide.mcu.externaltools.gnu-tools-for-stm32.11.3.rel1.win32_1.1.100.202309141235/tools/bin/../lib/gcc/arm-none-eabi/11.3.1/../../../../arm-none-eabi/lib/thumb/v7e-m+fp/hard\libc_nano.a(libc_a-findfp.o) (_fwalk_sglue)
C:/ST/STM32CubeIDE_1.13.2/STM32CubeIDE/plugins/com.st.stm32cube.ide.mcu.externaltools.gnu-tools-for-stm32.11.3.rel1.win32_1.1.100.202309141235/tools/bin/../lib/gcc/arm-none-eabi/11.3.1/../../../../arm-none-eabi/lib/thumb/v7e-m+fp/hard\libc_nano.a(libc_a-stdio.o)
                              C:/ST/STM32CubeIDE_1.13.2/STM32CubeIDE/plugins/com.st.stm32cube.ide.mcu.externaltools.gnu-tools-for-stm32.11.3.rel1.win32_1.1.100.202309141235/tools/bin/../lib/gcc/arm-none-eabi/11.3.1/../../../../arm-none-eabi/lib/thumb/v7e-m+fp/hard\libc_nano.a(libc_a-findfp.o) (__sread)
C:/ST/STM32CubeIDE_1.13.2/STM32CubeIDE/plugins/com.st.stm32cube.ide.mcu.externaltools.gnu-tools-for-stm32.11.3.rel1.win32_1.1.100.202309141235/tools/bin/../lib/gcc/arm-none-eabi/11.3.1/../../../../arm-none-eabi/lib/thumb/v7e-m+fp/hard\libc_nano.a(libc_a-memset.o)
                              C:/ST/STM32CubeIDE_1.13.2/STM32CubeIDE/plugins/com.st.stm32cube.ide.mcu.externaltools.gnu-tools-for-stm32.11.3.rel1.win32_1.1.100.202309141235/tools/bin/../lib/gcc/arm-none-eabi/11.3.1/../../../../arm-none-eabi/lib/thumb/v7e-m+fp/hard/crt0.o (memset)
C:/ST/STM32CubeIDE_1.13.2/STM32CubeIDE/plugins/com.st.stm32cube.ide.mcu.externaltools.gnu-tools-for-stm32.11.3.rel1.win32_1.1.100.202309141235/tools/bin/../lib/gcc/arm-none-eabi/11.3.1/../../../../arm-none-eabi/lib/thumb/v7e-m+fp/hard\libc_nano.a(libc_a-closer.o)
                              C:/ST/STM32CubeIDE_1.13.2/STM32CubeIDE/plugins/com.st.stm32cube.ide.mcu.externaltools.gnu-tools-for-stm32.11.3.rel1.win32_1.1.100.202309141235/tools/bin/../lib/gcc/arm-none-eabi/11.3.1/../../../../arm-none-eabi/lib/thumb/v7e-m+fp/hard\libc_nano.a(libc_a-stdio.o) (_close_r)
C:/ST/STM32CubeIDE_1.13.2/STM32CubeIDE/plugins/com.st.stm32cube.ide.mcu.externaltools.gnu-tools-for-stm32.11.3.rel1.win32_1.1.100.202309141235/tools/bin/../lib/gcc/arm-none-eabi/11.3.1/../../../../arm-none-eabi/lib/thumb/v7e-m+fp/hard\libc_nano.a(libc_a-reent.o)
                              C:/ST/STM32CubeIDE_1.13.2/STM32CubeIDE/plugins/com.st.stm32cube.ide.mcu.externaltools.gnu-tools-for-stm32.11.3.rel1.win32_1.1.100.202309141235/tools/bin/../lib/gcc/arm-none-eabi/11.3.1/../../../../arm-none-eabi/lib/thumb/v7e-m+fp/hard\libc_nano.a(libc_a-closer.o) (errno)
C:/ST/STM32CubeIDE_1.13.2/STM32CubeIDE/plugins/com.st.stm32cube.ide.mcu.externaltools.gnu-tools-for-stm32.11.3.rel1.win32_1.1.100.202309141235/tools/bin/../lib/gcc/arm-none-eabi/11.3.1/../../../../arm-none-eabi/lib/thumb/v7e-m+fp/hard\libc_nano.a(libc_a-impure.o)
                              C:/ST/STM32CubeIDE_1.13.2/STM32CubeIDE/plugins/com.st.stm32cube.ide.mcu.externaltools.gnu-tools-for-stm32.11.3.rel1.win32_1.1.100.202309141235/tools/bin/../lib/gcc/arm-none-eabi/11.3.1/../../../../arm-none-eabi/lib/thumb/v7e-m+fp/hard\libc_nano.a(libc_a-rand.o) (_impure_ptr)
[...]
Memory Configuration

Name             Origin             Length             Attributes
RAM              0x0000000020000000 0x0000000000020000 xrw
FLASH            0x0000000008000000 0x0000000000080000 xr
*default*        0x0000000000000000 0xffffffffffffffff

Linker script and memory map

LOAD C:/ST/STM32CubeIDE_1.13.2/STM32CubeIDE/plugins/com.st.stm32cube.ide.mcu.externaltools.gnu-tools-for-stm32.11.3.rel1.win32_1.1.100.202309141235/tools/bin/../lib/gcc/arm-none-eabi/11.3.1/thumb/v7e-m+fp/hard/crti.o
LOAD C:/ST/STM32CubeIDE_1.13.2/STM32CubeIDE/plugins/com.st.stm32cube.ide.mcu.externaltools.gnu-tools-for-stm32.11.3.rel1.win32_1.1.100.202309141235/tools/bin/../lib/gcc/arm-none-eabi/11.3.1/thumb/v7e-m+fp/hard/crtbegin.o
LOAD C:/ST/STM32CubeIDE_1.13.2/STM32CubeIDE/plugins/com.st.stm32cube.ide.mcu.externaltools.gnu-tools-for-stm32.11.3.rel1.win32_1.1.100.202309141235/tools/bin/../lib/gcc/arm-none-eabi/11.3.1/../../../../arm-none-eabi/lib/thumb/v7e-m+fp/hard/crt0.o
LOAD ./Core/Src/MAX7219.o
LOAD ./Core/Src/Snake_game.o
LOAD ./Core/Src/main.o
LOAD ./Core/Src/stm32f4xx_hal_msp.o
LOAD ./Core/Src/stm32f4xx_it.o
LOAD ./Core/Src/syscalls.o
LOAD ./Core/Src/sysmem.o
LOAD ./Core/Src/system_stm32f4xx.o
LOAD ./Core/Startup/startup_stm32f446retx.o
LOAD ./Drivers/STM32F4xx_HAL_Driver/Src/stm32f4xx_hal.o
LOAD ./Drivers/STM32F4xx_HAL_Driver/Src/stm32f4xx_hal_adc.o
LOAD ./Drivers/STM32F4xx_HAL_Driver/Src/stm32f4xx_hal_adc_ex.o
LOAD ./Drivers/STM32F4xx_HAL_Driver/Src/stm32f4xx_hal_cortex.o
LOAD ./Drivers/STM32F4xx_HAL_Driver/Src/stm32f4xx_hal_dma.o
LOAD ./Drivers/STM32F4xx_HAL_Driver/Src/stm32f4xx_hal_dma_ex.o
LOAD ./Drivers/STM32F4xx_HAL_Driver/Src/stm32f4xx_hal_exti.o
LOAD ./Drivers/STM32F4xx_HAL_Driver/Src/stm32f4xx_hal_flash.o
LOAD ./Drivers/STM32F4xx_HAL_Driver/Src/stm32f4xx_hal_flash_ex.o
LOAD ./Drivers/STM32F4xx_HAL_Driver/Src/stm32f4xx_hal_flash_ramfunc.o
LOAD ./Drivers/STM32F4xx_HAL_Driver/Src/stm32f4xx_hal_gpio.o
LOAD ./Drivers/STM32F4xx_HAL_Driver/Src/stm32f4xx_hal_pwr.o
LOAD ./Drivers/STM32F4xx_HAL_Driver/Src/stm32f4xx_hal_pwr_ex.o
LOAD ./Drivers/STM32F4xx_HAL_Driver/Src/stm32f4xx_hal_rcc.o
LOAD ./Drivers/STM32F4xx_HAL_Driver/Src/stm32f4xx_hal_rcc_ex.o
LOAD ./Drivers/STM32F4xx_HAL_Driver/Src/stm32f4xx_hal_spi.o
LOAD ./Drivers/STM32F4xx_HAL_Driver/Src/stm32f4xx_hal_tim.o
LOAD ./Drivers/STM32F4xx_HAL_Driver/Src/stm32f4xx_hal_tim_ex.o
LOAD ./Drivers/STM32F4xx_HAL_Driver/Src/stm32f4xx_hal_uart.o
LOAD ./Drivers/STM32F4xx_HAL_Driver/Src/stm32f4xx_ll_adc.o
START GROUP
LOAD C:/ST/STM32CubeIDE_1.13.2/STM32CubeIDE/plugins/com.st.stm32cube.ide.mcu.externaltools.gnu-tools-for-stm32.11.3.rel1.win32_1.1.100.202309141235/tools/bin/../lib/gcc/arm-none-eabi/11.3.1/../../../../arm-none-eabi/lib/thumb/v7e-m+fp/hard\libstdc++_nano.a
LOAD C:/ST/STM32CubeIDE_1.13.2/STM32CubeIDE/plugins/com.st.stm32cube.ide.mcu.externaltools.gnu-tools-for-stm32.11.3.rel1.win32_1.1.100.202309141235/tools/bin/../lib/gcc/arm-none-eabi/11.3.1/../../../../arm-none-eabi/lib/thumb/v7e-m+fp/hard\libsupc++_nano.a
END GROUP
LOAD C:/ST/STM32CubeIDE_1.13.2/STM32CubeIDE/plugins/com.st.stm32cube.ide.mcu.externaltools.gnu-tools-for-stm32.11.3.rel1.win32_1.1.100.202309141235/tools/bin/../lib/gcc/arm-none-eabi/11.3.1/../../../../arm-none-eabi/lib/thumb/v7e-m+fp/hard\libstdc++_nano.a
LOAD C:/ST/STM32CubeIDE_1.13.2/STM32CubeIDE/plugins/com.st.stm32cube.ide.mcu.externaltools.gnu-tools-for-stm32.11.3.rel1.win32_1.1.100.202309141235/tools/bin/../lib/gcc/arm-none-eabi/11.3.1/../../../../arm-none-eabi/lib/thumb/v7e-m+fp/hard\libm.a
LOAD C:/ST/STM32CubeIDE_1.13.2/STM32CubeIDE/plugins/com.st.stm32cube.ide.mcu.externaltools.gnu-tools-for-stm32.11.3.rel1.win32_1.1.100.202309141235/tools/bin/../lib/gcc/arm-none-eabi/11.3.1/../../../../arm-none-eabi/lib/thumb/v7e-m+fp/hard\libc_nano.a
START GROUP
LOAD C:/ST/STM32CubeIDE_1.13.2/STM32CubeIDE/plugins/com.st.stm32cube.ide.mcu.externaltools.gnu-tools-for-stm32.11.3.rel1.win32_1.1.100.202309141235/tools/bin/../lib/gcc/arm-none-eabi/11.3.1/thumb/v7e-m+fp/hard\libgcc.a
LOAD C:/ST/STM32CubeIDE_1.13.2/STM32CubeIDE/plugins/com.st.stm32cube.ide.mcu.externaltools.gnu-tools-for-stm32.11.3.rel1.win32_1.1.100.202309141235/tools/bin/../lib/gcc/arm-none-eabi/11.3.1/../../../../arm-none-eabi/lib/thumb/v7e-m+fp/hard\libc_nano.a
END GROUP
START GROUP
LOAD C:/ST/STM32CubeIDE_1.13.2/STM32CubeIDE/plugins/com.st.stm32cube.ide.mcu.externaltools.gnu-tools-for-stm32.11.3.rel1.win32_1.1.100.202309141235/tools/bin/../lib/gcc/arm-none-eabi/11.3.1/thumb/v7e-m+fp/hard\libgcc.a
LOAD C:/ST/STM32CubeIDE_1.13.2/STM32CubeIDE/plugins/com.st.stm32cube.ide.mcu.externaltools.gnu-tools-for-stm32.11.3.rel1.win32_1.1.100.202309141235/tools/bin/../lib/gcc/arm-none-eabi/11.3.1/../../../../arm-none-eabi/lib/thumb/v7e-m+fp/hard\libc_nano.a
LOAD C:/ST/STM32CubeIDE_1.13.2/STM32CubeIDE/plugins/com.st.stm32cube.ide.mcu.externaltools.gnu-tools-for-stm32.11.3.rel1.win32_1.1.100.202309141235/tools/bin/../lib/gcc/arm-none-eabi/11.3.1/../../../../arm-none-eabi/lib/thumb/v7e-m+fp/hard\libnosys.a
END GROUP
START GROUP
LOAD C:/ST/STM32CubeIDE_1.13.2/STM32CubeIDE/plugins/com.st.stm32cube.ide.mcu.externaltools.gnu-tools-for-stm32.11.3.rel1.win32_1.1.100.202309141235/tools/bin/../lib/gcc/arm-none-eabi/11.3.1/thumb/v7e-m+fp/hard\libgcc.a
LOAD C:/ST/STM32CubeIDE_1.13.2/STM32CubeIDE/plugins/com.st.stm32cube.ide.mcu.externaltools.gnu-tools-for-stm32.11.3.rel1.win32_1.1.100.202309141235/tools/bin/../lib/gcc/arm-none-eabi/11.3.1/../../../../arm-none-eabi/lib/thumb/v7e-m+fp/hard\libc_nano.a
LOAD C:/ST/STM32CubeIDE_1.13.2/STM32CubeIDE/plugins/com.st.stm32cube.ide.mcu.externaltools.gnu-tools-for-stm32.11.3.rel1.win32_1.1.100.202309141235/tools/bin/../lib/gcc/arm-none-eabi/11.3.1/../../../../arm-none-eabi/lib/thumb/v7e-m+fp/hard\libnosys.a
END GROUP
LOAD C:/ST/STM32CubeIDE_1.13.2/STM32CubeIDE/plugins/com.st.stm32cube.ide.mcu.externaltools.gnu-tools-for-stm32.11.3.rel1.win32_1.1.100.202309141235/tools/bin/../lib/gcc/arm-none-eabi/11.3.1/thumb/v7e-m+fp/hard/crtend.o
LOAD C:/ST/STM32CubeIDE_1.13.2/STM32CubeIDE/plugins/com.st.stm32cube.ide.mcu.externaltools.gnu-tools-for-stm32.11.3.rel1.win32_1.1.100.202309141235/tools/bin/../lib/gcc/arm-none-eabi/11.3.1/thumb/v7e-m+fp/hard/crtn.o
                0x0000000020020000                _estack = (ORIGIN (RAM) + LENGTH (RAM))
                0x0000000000000200                _Min_Heap_Size = 0x200
                0x0000000000000400                _Min_Stack_Size = 0x400

.isr_vector     0x0000000008000000      0x1c4
                0x0000000008000000                . = ALIGN (0x4)
 *(.isr_vector)
 .isr_vector    0x0000000008000000      0x1c4 ./Core/Startup/startup_stm32f446retx.o
                0x0000000008000000                g_pfnVectors
                0x00000000080001c4                . = ALIGN (0x4)

.text           0x00000000080001d0     0x4ab8
                0x00000000080001d0                . = ALIGN (0x4)
 *(.text)
 .text          0x00000000080001d0       0x40 C:/ST/STM32CubeIDE_1.13.2/STM32CubeIDE/plugins/com.st.stm32cube.ide.mcu.externaltools.gnu-tools-for-stm32.11.3.rel1.win32_1.1.100.202309141235/tools/bin/../lib/gcc/arm-none-eabi/11.3.1/thumb/v7e-m+fp/hard/crtbegin.o
 .text          0x0000000008000210       0xa0 C:/ST/STM32CubeIDE_1.13.2/STM32CubeIDE/plugins/com.st.stm32cube.ide.mcu.externaltools.gnu-tools-for-stm32.11.3.rel1.win32_1.1.100.202309141235/tools/bin/../lib/gcc/arm-none-eabi/11.3.1/../../../../arm-none-eabi/lib/thumb/v7e-m+fp/hard\libc_nano.a(libc_a-memchr.o)
                0x0000000008000210                memchr
 .text          0x00000000080002b0       0x30 C:/ST/STM32CubeIDE_1.13.2/STM32CubeIDE/plugins/com.st.stm32cube.ide.mcu.externaltools.gnu-tools-for-stm32.11.3.rel1.win32_1.1.100.202309141235/tools/bin/../lib/gcc/arm-none-eabi/11.3.1/thumb/v7e-m+fp/hard\libgcc.a(_aeabi_uldivmod.o)
                0x00000000080002b0                __aeabi_uldivmod
 .text          0x00000000080002e0      0x2c8 C:/ST/STM32CubeIDE_1.13.2/STM32CubeIDE/plugins/com.st.stm32cube.ide.mcu.externaltools.gnu-tools-for-stm32.11.3.rel1.win32_1.1.100.202309141235/tools/bin/../lib/gcc/arm-none-eabi/11.3.1/thumb/v7e-m+fp/hard\libgcc.a(_udivmoddi4.o)
                0x00000000080002e0                __udivmoddi4
 .text          0x00000000080005a8        0x4 C:/ST/STM32CubeIDE_1.13.2/STM32CubeIDE/plugins/com.st.stm32cube.ide.mcu.externaltools.gnu-tools-for-stm32.11.3.rel1.win32_1.1.100.202309141235/tools/bin/../lib/gcc/arm-none-eabi/11.3.1/thumb/v7e-m+fp/hard\libgcc.a(_dvmd_tls.o)
                0x00000000080005a8                __aeabi_idiv0
                0x00000000080005a8                __aeabi_ldiv0
 *(.text*)
 .text._ZN7MAX7219C2EP19__SPI_HandleTypeDef
                0x00000000080005ac       0x1e ./Core/Src/MAX7219.o
                0x00000000080005ac                MAX7219::MAX7219(__SPI_HandleTypeDef*)
                0x00000000080005ac                MAX7219::MAX7219(__SPI_HandleTypeDef*)
 .text._ZN7MAX72194initEv
                0x00000000080005ca       0x48 ./Core/Src/MAX7219.o
                0x00000000080005ca                MAX7219::init()
 *fill*         0x0000000008000612        0x2 
 .text._ZN7MAX72195clearEv
                0x0000000008000614       0x6c ./Core/Src/MAX7219.o
                0x0000000008000614                MAX7219::clear()
 .text._ZN7MAX72198sendDataEhh
                0x0000000008000680       0x4c ./Core/Src/MAX7219.o
                0x0000000008000680                MAX7219::sendData(unsigned char, unsigned char)
 .text._ZN7MAX72199switchLEDEhhh
                0x00000000080006cc       0x84 ./Core/Src/MAX7219.o
                0x00000000080006cc                MAX7219::switchLED(unsigned char, unsigned char, unsigned char)
 .text._ZN5SnakeC2EP19__SPI_HandleTypeDefP20__UART_HandleTypeDef
                0x0000000008000750       0x2a ./Core/Src/Snake_game.o
                0x0000000008000750                Snake::Snake(__SPI_HandleTypeDef*, __UART_HandleTypeDef*)
                0x0000000008000750                Snake::Snake(__SPI_HandleTypeDef*, __UART_HandleTypeDef*)
 .text._ZN5Snake4initEtht
                0x000000000800077a       0x48 ./Core/Src/Snake_game.o
                0x000000000800077a                Snake::init(unsigned short, unsigned char, unsigned short)
 .text._ZN5Snake4playEv
                0x00000000080007c2       0x58 ./Core/Src/Snake_game.o
                0x00000000080007c2                Snake::play()
 .text._ZN5Snake7restartEv
                0x000000000800081a       0x78 ./Core/Src/Snake_game.o
                0x000000000800081a                Snake::restart()
 .text._ZN5Snake4drawEv
                0x0000000008000892       0x76 ./Core/Src/Snake_game.o
                0x0000000008000892                Snake::draw()
 .text._ZN5Snake11place_fruitEv
                0x0000000008000908       0xb2 ./Core/Src/Snake_game.o
                0x0000000008000908                Snake::place_fruit()
 *fill*         0x00000000080009ba        0x2 
 .text._ZN5Snake24receive_movement_commandEv
                0x00000000080009bc       0xd8 ./Core/Src/Snake_game.o
                0x00000000080009bc                Snake::receive_movement_command()
 .text._ZN5Snake4moveEv
                0x0000000008000a94      0x108 ./Core/Src/Snake_game.o
                0x0000000008000a94                Snake::move()
 .text._ZN5Snake19check_for_collisionEv
                0x0000000008000b9c       0xca ./Core/Src/Snake_game.o
                0x0000000008000b9c                Snake::check_for_collision()
 .text._ZN5Snake9game_overEv
                0x0000000008000c66       0x7c ./Core/Src/Snake_game.o
                0x0000000008000c66                Snake::game_over()
 *fill*         0x0000000008000ce2        0x2 
 .text.main     0x0000000008000ce4       0x60 ./Core/Src/main.o
                0x0000000008000ce4                main
 .text._Z18SystemClock_Configv
                0x0000000008000d44       0xf0 ./Core/Src/main.o
                0x0000000008000d44                SystemClock_Config()
 .text._ZL12MX_ADC1_Initv
                0x0000000008000e34       0xb8 ./Core/Src/main.o
 .text._ZL12MX_SPI1_Initv
                0x0000000008000eec       0x78 ./Core/Src/main.o
 .text._ZL19MX_USART2_UART_Initv
                0x0000000008000f64       0x5c ./Core/Src/main.o
 .text._ZL12MX_GPIO_Initv
                0x0000000008000fc0       0xdc ./Core/Src/main.o
 .text.Error_Handler
                0x000000000800109c        0xa ./Core/Src/main.o
                0x000000000800109c                Error_Handler
 *fill*         0x00000000080010a6        0x2 
 .text._Z41__static_initialization_and_destruction_0ii
                0x00000000080010a8       0x38 ./Core/Src/main.o
 .text._GLOBAL__sub_I_hadc1
                0x00000000080010e0       0x10 ./Core/Src/main.o
 .text.HAL_MspInit
                0x00000000080010f0       0x50 ./Core/Src/stm32f4xx_hal_msp.o
                0x00000000080010f0                HAL_MspInit
 .text.HAL_ADC_MspInit
                0x0000000008001140       0x88 ./Core/Src/stm32f4xx_hal_msp.o
                0x0000000008001140                HAL_ADC_MspInit
 .text.HAL_SPI_MspInit
                0x00000000080011c8       0x90 ./Core/Src/stm32f4xx_hal_msp.o
                0x00000000080011c8                HAL_SPI_MspInit
 .text.HAL_UART_MspInit
                0x0000000008001258       0x90 ./Core/Src/stm32f4xx_hal_msp.o
                0x0000000008001258                HAL_UART_MspInit
 .text.NMI_Handler
                0x00000000080012e8        0x6 ./Core/Src/stm32f4xx_it.o
                0x00000000080012e8                NMI_Handler
 .text.HardFault_Handler
                0x00000000080012ee        0x6 ./Core/Src/stm32f4xx_it.o
                0x00000000080012ee                HardFault_Handler
 .text.MemManage_Handler
                0x00000000080012f4        0x6 ./Core/Src/stm32f4xx_it.o
                0x00000000080012f4                MemManage_Handler
 .text.BusFault_Handler
                0x00000000080012fa        0x6 ./Core/Src/stm32f4xx_it.o
                0x00000000080012fa                BusFault_Handler
 .text.UsageFault_Handler
                0x0000000008001300        0x6 ./Core/Src/stm32f4xx_it.o
                0x0000000008001300                UsageFault_Handler
 .text.SVC_Handler
                0x0000000008001306        0xe ./Core/Src/stm32f4xx_it.o
                0x0000000008001306                SVC_Handler
 .text.DebugMon_Handler
                0x0000000008001314        0xe ./Core/Src/stm32f4xx_it.o
                0x0000000008001314                DebugMon_Handler
 .text.PendSV_Handler
                0x0000000008001322        0xe ./Core/Src/stm32f4xx_it.o
                0x0000000008001322                PendSV_Handler
 .text.SysTick_Handler
                0x0000000008001330        0xc ./Core/Src/stm32f4xx_it.o
                0x0000000008001330                SysTick_Handler
 .text._getpid  0x000000000800133c       0x10 ./Core/Src/syscalls.o
                0x000000000800133c                _getpid
 .text._kill    0x000000000800134c       0x20 ./Core/Src/syscalls.o
                0x000000000800134c                _kill
 .text._exit    0x000000000800136c       0x14 ./Core/Src/syscalls.o
                0x000000000800136c                _exit
 .text._read    0x0000000008001380       0x3a ./Core/Src/syscalls.o
                0x0000000008001380                _read
 .text._write   0x00000000080013ba       0x38 ./Core/Src/syscalls.o
                0x00000000080013ba                _write
 .text._close   0x00000000080013f2       0x18 ./Core/Src/syscalls.o
                0x00000000080013f2                _close
 .text._fstat   0x000000000800140a       0x20 ./Core/Src/syscalls.o
                0x000000000800140a                _fstat
 .text._isatty  0x000000000800142a       0x16 ./Core/Src/syscalls.o
                0x000000000800142a                _isatty
 .text._lseek   0x0000000008001440       0x1a ./Core/Src/syscalls.o
                0x0000000008001440                _lseek
 *fill*         0x000000000800145a        0x2 
 .text._sbrk    0x000000000800145c       0x6c ./Core/Src/sysmem.o
                0x000000000800145c                _sbrk
 .text.SystemInit
                0x00000000080014c8       0x24 ./Core/Src/system_stm32f4xx.o
                0x00000000080014c8                SystemInit
 .text.Reset_Handler
                0x00000000080014ec       0x50 ./Core/Startup/startup_stm32f446retx.o
                0x00000000080014ec                Reset_Handler
 .text.Default_Handler
                0x000000000800153c        0x2 ./Core/Startup/startup_stm32f446retx.o
                0x000000000800153c                RTC_Alarm_IRQHandler
                0x000000000800153c                EXTI2_IRQHandler
                0x000000000800153c                TIM8_CC_IRQHandler
                0x000000000800153c                FMPI2C1_EV_IRQHandler
                0x000000000800153c                SPI4_IRQHandler
                0x000000000800153c                TIM1_CC_IRQHandler
                0x000000000800153c                DMA2_Stream5_IRQHandler
                0x000000000800153c                DMA1_Stream5_IRQHandler
                0x000000000800153c                PVD_IRQHandler
                0x000000000800153c                SDIO_IRQHandler
                0x000000000800153c                TAMP_STAMP_IRQHandler
                0x000000000800153c                CAN2_RX1_IRQHandler
                0x000000000800153c                EXTI3_IRQHandler
                0x000000000800153c                TIM8_TRG_COM_TIM14_IRQHandler
                0x000000000800153c                TIM1_UP_TIM10_IRQHandler
                0x000000000800153c                TIM8_UP_TIM13_IRQHandler
                0x000000000800153c                I2C3_ER_IRQHandler
                0x000000000800153c                EXTI0_IRQHandler
                0x000000000800153c                I2C2_EV_IRQHandler
                0x000000000800153c                DMA1_Stream2_IRQHandler
                0x000000000800153c                CAN1_RX0_IRQHandler
                0x000000000800153c                FPU_IRQHandler
                0x000000000800153c                OTG_HS_WKUP_IRQHandler
                0x000000000800153c                CAN2_SCE_IRQHandler
                0x000000000800153c                DMA2_Stream2_IRQHandler
                0x000000000800153c                SPI1_IRQHandler
                0x000000000800153c                TIM6_DAC_IRQHandler
                0x000000000800153c                TIM1_BRK_TIM9_IRQHandler
                0x000000000800153c                DCMI_IRQHandler
                0x000000000800153c                CAN2_RX0_IRQHandler
                0x000000000800153c                DMA2_Stream3_IRQHandler
                0x000000000800153c                SAI2_IRQHandler
                0x000000000800153c                USART6_IRQHandler
                0x000000000800153c                USART3_IRQHandler
                0x000000000800153c                CAN1_RX1_IRQHandler
                0x000000000800153c                UART5_IRQHandler
                0x000000000800153c                DMA2_Stream0_IRQHandler
                0x000000000800153c                TIM4_IRQHandler
                0x000000000800153c                QUADSPI_IRQHandler
                0x000000000800153c                I2C1_EV_IRQHandler
                0x000000000800153c                DMA1_Stream6_IRQHandler
                0x000000000800153c                DMA1_Stream1_IRQHandler
                0x000000000800153c                UART4_IRQHandler
                0x000000000800153c                TIM3_IRQHandler
                0x000000000800153c                RCC_IRQHandler
                0x000000000800153c                TIM8_BRK_TIM12_IRQHandler
                0x000000000800153c                Default_Handler
                0x000000000800153c                CEC_IRQHandler
                0x000000000800153c                EXTI15_10_IRQHandler
                0x000000000800153c                ADC_IRQHandler
                0x000000000800153c                DMA1_Stream7_IRQHandler
                0x000000000800153c                TIM7_IRQHandler
                0x000000000800153c                CAN2_TX_IRQHandler
                0x000000000800153c                TIM5_IRQHandler
                0x000000000800153c                DMA2_Stream7_IRQHandler
                0x000000000800153c                I2C3_EV_IRQHandler
                0x000000000800153c                EXTI9_5_IRQHandler
                0x000000000800153c                RTC_WKUP_IRQHandler
                0x000000000800153c                SPDIF_RX_IRQHandler
                0x000000000800153c                SPI2_IRQHandler
                0x000000000800153c                OTG_HS_EP1_IN_IRQHandler
                0x000000000800153c                DMA1_Stream0_IRQHandler
                0x000000000800153c                CAN1_TX_IRQHandler
                0x000000000800153c                FMPI2C1_ER_IRQHandler
                0x000000000800153c                EXTI4_IRQHandler
                0x000000000800153c                OTG_HS_EP1_OUT_IRQHandler
                0x000000000800153c                WWDG_IRQHandler
                0x000000000800153c                TIM2_IRQHandler
                0x000000000800153c                OTG_FS_WKUP_IRQHandler
                0x000000000800153c                TIM1_TRG_COM_TIM11_IRQHandler
                0x000000000800153c                OTG_HS_IRQHandler
                0x000000000800153c                EXTI1_IRQHandler
                0x000000000800153c                USART2_IRQHandler
                0x000000000800153c                I2C2_ER_IRQHandler
                0x000000000800153c                DMA2_Stream1_IRQHandler
                0x000000000800153c                CAN1_SCE_IRQHandler
                0x000000000800153c                FLASH_IRQHandler
                0x000000000800153c                DMA2_Stream4_IRQHandler
                0x000000000800153c                USART1_IRQHandler
                0x000000000800153c                OTG_FS_IRQHandler
                0x000000000800153c                SPI3_IRQHandler
                0x000000000800153c                DMA1_Stream4_IRQHandler
                0x000000000800153c                I2C1_ER_IRQHandler
                0x000000000800153c                FMC_IRQHandler
                0x000000000800153c                DMA2_Stream6_IRQHandler
                0x000000000800153c                SAI1_IRQHandler
                0x000000000800153c                DMA1_Stream3_IRQHandler
 *fill*         0x000000000800153e        0x2 
 .text.HAL_Init
                0x0000000008001540       0x44 ./Drivers/STM32F4xx_HAL_Driver/Src/stm32f4xx_hal.o
                0x0000000008001540                HAL_Init
 .text.HAL_InitTick
                0x0000000008001584       0x60 ./Drivers/STM32F4xx_HAL_Driver/Src/stm32f4xx_hal.o
                0x0000000008001584                HAL_InitTick
 .text.HAL_IncTick
                0x00000000080015e4       0x28 ./Drivers/STM32F4xx_HAL_Driver/Src/stm32f4xx_hal.o
                0x00000000080015e4                HAL_IncTick
 .text.HAL_GetTick
                0x000000000800160c       0x18 ./Drivers/STM32F4xx_HAL_Driver/Src/stm32f4xx_hal.o
                0x000000000800160c                HAL_GetTick
 .text.HAL_Delay
                0x0000000008001624       0x48 ./Drivers/STM32F4xx_HAL_Driver/Src/stm32f4xx_hal.o
                0x0000000008001624                HAL_Delay
 .text.HAL_ADC_Init
                0x000000000800166c       0x86 ./Drivers/STM32F4xx_HAL_Driver/Src/stm32f4xx_hal_adc.o
                0x000000000800166c                HAL_ADC_Init
 *fill*         0x00000000080016f2        0x2 
 .text.HAL_ADC_Start
                0x00000000080016f4      0x1a4 ./Drivers/STM32F4xx_HAL_Driver/Src/stm32f4xx_hal_adc.o
                0x00000000080016f4                HAL_ADC_Start
 .text.HAL_ADC_Stop
                0x0000000008001898       0x66 ./Drivers/STM32F4xx_HAL_Driver/Src/stm32f4xx_hal_adc.o
                0x0000000008001898                HAL_ADC_Stop
 .text.HAL_ADC_PollForConversion
                0x00000000080018fe      0x116 ./Drivers/STM32F4xx_HAL_Driver/Src/stm32f4xx_hal_adc.o
                0x00000000080018fe                HAL_ADC_PollForConversion
 .text.HAL_ADC_GetValue
                0x0000000008001a14       0x1a ./Drivers/STM32F4xx_HAL_Driver/Src/stm32f4xx_hal_adc.o
                0x0000000008001a14                HAL_ADC_GetValue
 *fill*         0x0000000008001a2e        0x2 
 .text.HAL_ADC_ConfigChannel
                0x0000000008001a30      0x264 ./Drivers/STM32F4xx_HAL_Driver/Src/stm32f4xx_hal_adc.o
                0x0000000008001a30                HAL_ADC_ConfigChannel
 .text.ADC_Init
                0x0000000008001c94      0x1f8 ./Drivers/STM32F4xx_HAL_Driver/Src/stm32f4xx_hal_adc.o
 .text.__NVIC_SetPriorityGrouping
                0x0000000008001e8c       0x48 ./Drivers/STM32F4xx_HAL_Driver/Src/stm32f4xx_hal_cortex.o
 .text.__NVIC_GetPriorityGrouping
                0x0000000008001ed4       0x1c ./Drivers/STM32F4xx_HAL_Driver/Src/stm32f4xx_hal_cortex.o
 .text.__NVIC_SetPriority
                0x0000000008001ef0       0x54 ./Drivers/STM32F4xx_HAL_Driver/Src/stm32f4xx_hal_cortex.o
 .text.NVIC_EncodePriority
                0x0000000008001f44       0x66 ./Drivers/STM32F4xx_HAL_Driver/Src/stm32f4xx_hal_cortex.o
 *fill*         0x0000000008001faa        0x2 
 .text.SysTick_Config
                0x0000000008001fac       0x44 ./Drivers/STM32F4xx_HAL_Driver/Src/stm32f4xx_hal_cortex.o
 .text.HAL_NVIC_SetPriorityGrouping
                0x0000000008001ff0       0x16 ./Drivers/STM32F4xx_HAL_Driver/Src/stm32f4xx_hal_cortex.o
                0x0000000008001ff0                HAL_NVIC_SetPriorityGrouping
 .text.HAL_NVIC_SetPriority
                0x0000000008002006       0x38 ./Drivers/STM32F4xx_HAL_Driver/Src/stm32f4xx_hal_cortex.o
                0x0000000008002006                HAL_NVIC_SetPriority
 .text.HAL_SYSTICK_Config
                0x000000000800203e       0x18 ./Drivers/STM32F4xx_HAL_Driver/Src/stm32f4xx_hal_cortex.o
                0x000000000800203e                HAL_SYSTICK_Config
 *fill*         0x0000000008002056        0x2 
 .text.HAL_GPIO_Init
                0x0000000008002058      0x328 ./Drivers/STM32F4xx_HAL_Driver/Src/stm32f4xx_hal_gpio.o
                0x0000000008002058                HAL_GPIO_Init
 .text.HAL_GPIO_WritePin
                0x0000000008002380       0x32 ./Drivers/STM32F4xx_HAL_Driver/Src/stm32f4xx_hal_gpio.o
                0x0000000008002380                HAL_GPIO_WritePin
 *fill*         0x00000000080023b2        0x2 
 .text.HAL_RCC_ClockConfig
                0x00000000080023b4      0x1cc ./Drivers/STM32F4xx_HAL_Driver/Src/stm32f4xx_hal_rcc.o
                0x00000000080023b4                HAL_RCC_ClockConfig
 .text.HAL_RCC_GetHCLKFreq
                0x0000000008002580       0x18 ./Drivers/STM32F4xx_HAL_Driver/Src/stm32f4xx_hal_rcc.o
                0x0000000008002580                HAL_RCC_GetHCLKFreq
 .text.HAL_RCC_GetPCLK1Freq
                0x0000000008002598       0x28 ./Drivers/STM32F4xx_HAL_Driver/Src/stm32f4xx_hal_rcc.o
                0x0000000008002598                HAL_RCC_GetPCLK1Freq
 .text.HAL_RCC_GetPCLK2Freq
                0x00000000080025c0       0x28 ./Drivers/STM32F4xx_HAL_Driver/Src/stm32f4xx_hal_rcc.o
                0x00000000080025c0                HAL_RCC_GetPCLK2Freq
 .text.HAL_RCC_GetSysClockFreq
                0x00000000080025e8      0x460 ./Drivers/STM32F4xx_HAL_Driver/Src/stm32f4xx_hal_rcc_ex.o
                0x00000000080025e8                HAL_RCC_GetSysClockFreq
 .text.HAL_RCC_OscConfig
                0x0000000008002a48      0x53c ./Drivers/STM32F4xx_HAL_Driver/Src/stm32f4xx_hal_rcc_ex.o
                0x0000000008002a48                HAL_RCC_OscConfig
 .text.HAL_SPI_Init
                0x0000000008002f84      0x112 ./Drivers/STM32F4xx_HAL_Driver/Src/stm32f4xx_hal_spi.o
                0x0000000008002f84                HAL_SPI_Init
 .text.HAL_SPI_Transmit
                0x0000000008003096      0x278 ./Drivers/STM32F4xx_HAL_Driver/Src/stm32f4xx_hal_spi.o
                0x0000000008003096                HAL_SPI_Transmit
 *fill*         0x000000000800330e        0x2 
 .text.SPI_WaitFlagStateUntilTimeout
                0x0000000008003310      0x110 ./Drivers/STM32F4xx_HAL_Driver/Src/stm32f4xx_hal_spi.o
 .text.SPI_EndRxTxTransaction
                0x0000000008003420       0x84 ./Drivers/STM32F4xx_HAL_Driver/Src/stm32f4xx_hal_spi.o
 .text.HAL_UART_Init
                0x00000000080034a4       0x9a ./Drivers/STM32F4xx_HAL_Driver/Src/stm32f4xx_hal_uart.o
                0x00000000080034a4                HAL_UART_Init
 .text.HAL_UART_Receive
                0x000000000800353e      0x144 ./Drivers/STM32F4xx_HAL_Driver/Src/stm32f4xx_hal_uart.o
                0x000000000800353e                HAL_UART_Receive
 .text.UART_WaitOnFlagUntilTimeout
                0x0000000008003682       0xdc ./Drivers/STM32F4xx_HAL_Driver/Src/stm32f4xx_hal_uart.o
 *fill*         0x000000000800375e        0x2 
 .text.UART_SetConfig
                0x0000000008003760      0x4e8 ./Drivers/STM32F4xx_HAL_Driver/Src/stm32f4xx_hal_uart.o
 .text.srand    0x0000000008003c48       0x5c C:/ST/STM32CubeIDE_1.13.2/STM32CubeIDE/plugins/com.st.stm32cube.ide.mcu.externaltools.gnu-tools-for-stm32.11.3.rel1.win32_1.1.100.202309141235/tools/bin/../lib/gcc/arm-none-eabi/11.3.1/../../../../arm-none-eabi/lib/thumb/v7e-m+fp/hard\libc_nano.a(libc_a-rand.o)
                0x0000000008003c48                srand
 .text.rand     0x0000000008003ca4       0x7c C:/ST/STM32CubeIDE_1.13.2/STM32CubeIDE/plugins/com.st.stm32cube.ide.mcu.externaltools.gnu-tools-for-stm32.11.3.rel1.win32_1.1.100.202309141235/tools/bin/../lib/gcc/arm-none-eabi/11.3.1/../../../../arm-none-eabi/lib/thumb/v7e-m+fp/hard\libc_nano.a(libc_a-rand.o)
                0x0000000008003ca4                rand
 .text.std      0x0000000008003d20       0x6c C:/ST/STM32CubeIDE_1.13.2/STM32CubeIDE/plugins/com.st.stm32cube.ide.mcu.externaltools.gnu-tools-for-stm32.11.3.rel1.win32_1.1.100.202309141235/tools/bin/../lib/gcc/arm-none-eabi/11.3.1/../../../../arm-none-eabi/lib/thumb/v7e-m+fp/hard\libc_nano.a(libc_a-findfp.o)
 .text.stdio_exit_handler
                0x0000000008003d8c       0x18 C:/ST/STM32CubeIDE_1.13.2/STM32CubeIDE/plugins/com.st.stm32cube.ide.mcu.externaltools.gnu-tools-for-stm32.11.3.rel1.win32_1.1.100.202309141235/tools/bin/../lib/gcc/arm-none-eabi/11.3.1/../../../../arm-none-eabi/lib/thumb/v7e-m+fp/hard\libc_nano.a(libc_a-findfp.o)
 .text.cleanup_stdio
                0x0000000008003da4       0x40 C:/ST/STM32CubeIDE_1.13.2/STM32CubeIDE/plugins/com.st.stm32cube.ide.mcu.externaltools.gnu-tools-for-stm32.11.3.rel1.win32_1.1.100.202309141235/tools/bin/../lib/gcc/arm-none-eabi/11.3.1/../../../../arm-none-eabi/lib/thumb/v7e-m+fp/hard\libc_nano.a(libc_a-findfp.o)
 .text.global_stdio_init.part.0
                0x0000000008003de4       0x3c C:/ST/STM32CubeIDE_1.13.2/STM32CubeIDE/plugins/com.st.stm32cube.ide.mcu.externaltools.gnu-tools-for-stm32.11.3.rel1.win32_1.1.100.202309141235/tools/bin/../lib/gcc/arm-none-eabi/11.3.1/../../../../arm-none-eabi/lib/thumb/v7e-m+fp/hard\libc_nano.a(libc_a-findfp.o)
 .text.__sfp_lock_acquire
                0x0000000008003e20        0xc C:/ST/STM32CubeIDE_1.13.2/STM32CubeIDE/plugins/com.st.stm32cube.ide.mcu.externaltools.gnu-tools-for-stm32.11.3.rel1.win32_1.1.100.202309141235/tools/bin/../lib/gcc/arm-none-eabi/11.3.1/../../../../arm-none-eabi/lib/thumb/v7e-m+fp/hard\libc_nano.a(libc_a-findfp.o)
                0x0000000008003e20                __sfp_lock_acquire
 .text.__sfp_lock_release
                0x0000000008003e2c        0xc C:/ST/STM32CubeIDE_1.13.2/STM32CubeIDE/plugins/com.st.stm32cube.ide.mcu.externaltools.gnu-tools-for-stm32.11.3.rel1.win32_1.1.100.202309141235/tools/bin/../lib/gcc/arm-none-eabi/11.3.1/../../../../arm-none-eabi/lib/thumb/v7e-m+fp/hard\libc_nano.a(libc_a-findfp.o)
                0x0000000008003e2c                __sfp_lock_release
 .text.__sinit  0x0000000008003e38       0x30 C:/ST/STM32CubeIDE_1.13.2/STM32CubeIDE/plugins/com.st.stm32cube.ide.mcu.externaltools.gnu-tools-for-stm32.11.3.rel1.win32_1.1.100.202309141235/tools/bin/../lib/gcc/arm-none-eabi/11.3.1/../../../../arm-none-eabi/lib/thumb/v7e-m+fp/hard\libc_nano.a(libc_a-findfp.o)
                0x0000000008003e38                __sinit
 .text._fwalk_sglue
                0x0000000008003e68       0x3c C:/ST/STM32CubeIDE_1.13.2/STM32CubeIDE/plugins/com.st.stm32cube.ide.mcu.externaltools.gnu-tools-for-stm32.11.3.rel1.win32_1.1.100.202309141235/tools/bin/../lib/gcc/arm-none-eabi/11.3.1/../../../../arm-none-eabi/lib/thumb/v7e-m+fp/hard\libc_nano.a(libc_a-fwalk.o)
                0x0000000008003e68                _fwalk_sglue
 .text.__sread  0x0000000008003ea4       0x22 C:/ST/STM32CubeIDE_1.13.2/STM32CubeIDE/plugins/com.st.stm32cube.ide.mcu.externaltools.gnu-tools-for-stm32.11.3.rel1.win32_1.1.100.202309141235/tools/bin/../lib/gcc/arm-none-eabi/11.3.1/../../../../arm-none-eabi/lib/thumb/v7e-m+fp/hard\libc_nano.a(libc_a-stdio.o)
                0x0000000008003ea4                __sread
 .text.__swrite
                0x0000000008003ec6       0x38 C:/ST/STM32CubeIDE_1.13.2/STM32CubeIDE/plugins/com.st.stm32cube.ide.mcu.externaltools.gnu-tools-for-stm32.11.3.rel1.win32_1.1.100.202309141235/tools/bin/../lib/gcc/arm-none-eabi/11.3.1/../../../../arm-none-eabi/lib/thumb/v7e-m+fp/hard\libc_nano.a(libc_a-stdio.o)
                0x0000000008003ec6                __swrite
 .text.__sseek  0x0000000008003efe       0x24 C:/ST/STM32CubeIDE_1.13.2/STM32CubeIDE/plugins/com.st.stm32cube.ide.mcu.externaltools.gnu-tools-for-stm32.11.3.rel1.win32_1.1.100.202309141235/tools/bin/../lib/gcc/arm-none-eabi/11.3.1/../../../../arm-none-eabi/lib/thumb/v7e-m+fp/hard\libc_nano.a(libc_a-stdio.o)
                0x0000000008003efe                __sseek
 .text.__sclose
                0x0000000008003f22        0x8 C:/ST/STM32CubeIDE_1.13.2/STM32CubeIDE/plugins/com.st.stm32cube.ide.mcu.externaltools.gnu-tools-for-stm32.11.3.rel1.win32_1.1.100.202309141235/tools/bin/../lib/gcc/arm-none-eabi/11.3.1/../../../../arm-none-eabi/lib/thumb/v7e-m+fp/hard\libc_nano.a(libc_a-stdio.o)
                0x0000000008003f22                __sclose
 .text.memset   0x0000000008003f2a       0x10 C:/ST/STM32CubeIDE_1.13.2/STM32CubeIDE/plugins/com.st.stm32cube.ide.mcu.externaltools.gnu-tools-for-stm32.11.3.rel1.win32_1.1.100.202309141235/tools/bin/../lib/gcc/arm-none-eabi/11.3.1/../../../../arm-none-eabi/lib/thumb/v7e-m+fp/hard\libc_nano.a(libc_a-memset.o)
                0x0000000008003f2a                memset
 *fill*         0x0000000008003f3a        0x2 
 .text._close_r
                0x0000000008003f3c       0x20 C:/ST/STM32CubeIDE_1.13.2/STM32CubeIDE/plugins/com.st.stm32cube.ide.mcu.externaltools.gnu-tools-for-stm32.11.3.rel1.win32_1.1.100.202309141235/tools/bin/../lib/gcc/arm-none-eabi/11.3.1/../../../../arm-none-eabi/lib/thumb/v7e-m+fp/hard\libc_nano.a(libc_a-closer.o)
                0x0000000008003f3c                _close_r
 .text._lseek_r
                0x0000000008003f5c       0x24 C:/ST/STM32CubeIDE_1.13.2/STM32CubeIDE/plugins/com.st.stm32cube.ide.mcu.externaltools.gnu-tools-for-stm32.11.3.rel1.win32_1.1.100.202309141235/tools/bin/../lib/gcc/arm-none-eabi/11.3.1/../../../../arm-none-eabi/lib/thumb/v7e-m+fp/hard\libc_nano.a(libc_a-lseekr.o)
                0x0000000008003f5c                _lseek_r
 .text._read_r  0x0000000008003f80       0x24 C:/ST/STM32CubeIDE_1.13.2/STM32CubeIDE/plugins/com.st.stm32cube.ide.mcu.externaltools.gnu-tools-for-stm32.11.3.rel1.win32_1.1.100.202309141235/tools/bin/../lib/gcc/arm-none-eabi/11.3.1/../../../../arm-none-eabi/lib/thumb/v7e-m+fp/hard\libc_nano.a(libc_a-readr.o)
                0x0000000008003f80                _read_r
 .text._write_r
                0x0000000008003fa4       0x24 C:/ST/STM32CubeIDE_1.13.2/STM32CubeIDE/plugins/com.st.stm32cube.ide.mcu.externaltools.gnu-tools-for-stm32.11.3.rel1.win32_1.1.100.202309141235/tools/bin/../lib/gcc/arm-none-eabi/11.3.1/../../../../arm-none-eabi/lib/thumb/v7e-m+fp/hard\libc_nano.a(libc_a-writer.o)
                0x0000000008003fa4                _write_r
 .text.__errno  0x0000000008003fc8        0xc C:/ST/STM32CubeIDE_1.13.2/STM32CubeIDE/plugins/com.st.stm32cube.ide.mcu.externaltools.gnu-tools-for-stm32.11.3.rel1.win32_1.1.100.202309141235/tools/bin/../lib/gcc/arm-none-eabi/11.3.1/../../../../arm-none-eabi/lib/thumb/v7e-m+fp/hard\libc_nano.a(libc_a-errno.o)
                0x0000000008003fc8                __errno
 .text.__libc_init_array
                0x0000000008003fd4       0x48 C:/ST/STM32CubeIDE_1.13.2/STM32CubeIDE/plugins/com.st.stm32cube.ide.mcu.externaltools.gnu-tools-for-stm32.11.3.rel1.win32_1.1.100.202309141235/tools/bin/../lib/gcc/arm-none-eabi/11.3.1/../../../../arm-none-eabi/lib/thumb/v7e-m+fp/hard\libc_nano.a(libc_a-init.o)
                0x0000000008003fd4                __libc_init_array
 .text.__retarget_lock_init_recursive
                0x000000000800401c        0x2 C:/ST/STM32CubeIDE_1.13.2/STM32CubeIDE/plugins/com.st.stm32cube.ide.mcu.externaltools.gnu-tools-for-stm32.11.3.rel1.win32_1.1.100.202309141235/tools/bin/../lib/gcc/arm-none-eabi/11.3.1/../../../../arm-none-eabi/lib/thumb/v7e-m+fp/hard\libc_nano.a(libc_a-lock.o)
                0x000000000800401c                __retarget_lock_init_recursive
 .text.__retarget_lock_acquire_recursive
                0x000000000800401e        0x2 C:/ST/STM32CubeIDE_1.13.2/STM32CubeIDE/plugins/com.st.stm32cube.ide.mcu.externaltools.gnu-tools-for-stm32.11.3.rel1.win32_1.1.100.202309141235/tools/bin/../lib/gcc/arm-none-eabi/11.3.1/../../../../arm-none-eabi/lib/thumb/v7e-m+fp/hard\libc_nano.a(libc_a-lock.o)
                0x000000000800401e                __retarget_lock_acquire_recursive
 .text.__retarget_lock_release_recursive
                0x0000000008004020        0x2 C:/ST/STM32CubeIDE_1.13.2/STM32CubeIDE/plugins/com.st.stm32cube.ide.mcu.externaltools.gnu-tools-for-stm32.11.3.rel1.win32_1.1.100.202309141235/tools/bin/../lib/gcc/arm-none-eabi/11.3.1/../../../../arm-none-eabi/lib/thumb/v7e-m+fp/hard\libc_nano.a(libc_a-lock.o)
                0x0000000008004020                __retarget_lock_release_recursive
 *fill*         0x0000000008004022        0x2 
 .text.__assert_func
                0x0000000008004024       0x3c C:/ST/STM32CubeIDE_1.13.2/STM32CubeIDE/plugins/com.st.stm32cube.ide.mcu.externaltools.gnu-tools-for-stm32.11.3.rel1.win32_1.1.100.202309141235/tools/bin/../lib/gcc/arm-none-eabi/11.3.1/../../../../arm-none-eabi/lib/thumb/v7e-m+fp/hard\libc_nano.a(libc_a-assert.o)
                0x0000000008004024                __assert_func
 .text._free_r  0x0000000008004060       0x98 C:/ST/STM32CubeIDE_1.13.2/STM32CubeIDE/plugins/com.st.stm32cube.ide.mcu.externaltools.gnu-tools-for-stm32.11.3.rel1.win32_1.1.100.202309141235/tools/bin/../lib/gcc/arm-none-eabi/11.3.1/../../../../arm-none-eabi/lib/thumb/v7e-m+fp/hard\libc_nano.a(libc_a-freer.o)
                0x0000000008004060                _free_r
 .text.malloc   0x00000000080040f8       0x10 C:/ST/STM32CubeIDE_1.13.2/STM32CubeIDE/plugins/com.st.stm32cube.ide.mcu.externaltools.gnu-tools-for-stm32.11.3.rel1.win32_1.1.100.202309141235/tools/bin/../lib/gcc/arm-none-eabi/11.3.1/../../../../arm-none-eabi/lib/thumb/v7e-m+fp/hard\libc_nano.a(libc_a-malloc.o)
                0x00000000080040f8                malloc
 .text.sbrk_aligned
                0x0000000008004108       0x40 C:/ST/STM32CubeIDE_1.13.2/STM32CubeIDE/plugins/com.st.stm32cube.ide.mcu.externaltools.gnu-tools-for-stm32.11.3.rel1.win32_1.1.100.202309141235/tools/bin/../lib/gcc/arm-none-eabi/11.3.1/../../../../arm-none-eabi/lib/thumb/v7e-m+fp/hard\libc_nano.a(libc_a-mallocr.o)
 .text._malloc_r
                0x0000000008004148      0x100 C:/ST/STM32CubeIDE_1.13.2/STM32CubeIDE/plugins/com.st.stm32cube.ide.mcu.externaltools.gnu-tools-for-stm32.11.3.rel1.win32_1.1.100.202309141235/tools/bin/../lib/gcc/arm-none-eabi/11.3.1/../../../../arm-none-eabi/lib/thumb/v7e-m+fp/hard\libc_nano.a(libc_a-mallocr.o)
                0x0000000008004148                _malloc_r
 .text.__malloc_lock
                0x0000000008004248        0xc C:/ST/STM32CubeIDE_1.13.2/STM32CubeIDE/plugins/com.st.stm32cube.ide.mcu.externaltools.gnu-tools-for-stm32.11.3.rel1.win32_1.1.100.202309141235/tools/bin/../lib/gcc/arm-none-eabi/11.3.1/../../../../arm-none-eabi/lib/thumb/v7e-m+fp/hard\libc_nano.a(libc_a-mlock.o)
                0x0000000008004248                __malloc_lock
 .text.__malloc_unlock
                0x0000000008004254        0xc C:/ST/STM32CubeIDE_1.13.2/STM32CubeIDE/plugins/com.st.stm32cube.ide.mcu.externaltools.gnu-tools-for-stm32.11.3.rel1.win32_1.1.100.202309141235/tools/bin/../lib/gcc/arm-none-eabi/11.3.1/../../../../arm-none-eabi/lib/thumb/v7e-m+fp/hard\libc_nano.a(libc_a-mlock.o)
                0x0000000008004254                __malloc_unlock
 .text.__sflush_r
                0x0000000008004260      0x10c C:/ST/STM32CubeIDE_1.13.2/STM32CubeIDE/plugins/com.st.stm32cube.ide.mcu.externaltools.gnu-tools-for-stm32.11.3.rel1.win32_1.1.100.202309141235/tools/bin/../lib/gcc/arm-none-eabi/11.3.1/../../../../arm-none-eabi/lib/thumb/v7e-m+fp/hard\libc_nano.a(libc_a-fflush.o)
                0x0000000008004260                __sflush_r
 .text._fflush_r
                0x000000000800436c       0x50 C:/ST/STM32CubeIDE_1.13.2/STM32CubeIDE/plugins/com.st.stm32cube.ide.mcu.externaltools.gnu-tools-for-stm32.11.3.rel1.win32_1.1.100.202309141235/tools/bin/../lib/gcc/arm-none-eabi/11.3.1/../../../../arm-none-eabi/lib/thumb/v7e-m+fp/hard\libc_nano.a(libc_a-fflush.o)
                0x000000000800436c                _fflush_r
 .text.fprintf  0x00000000080043bc       0x24 C:/ST/STM32CubeIDE_1.13.2/STM32CubeIDE/plugins/com.st.stm32cube.ide.mcu.externaltools.gnu-tools-for-stm32.11.3.rel1.win32_1.1.100.202309141235/tools/bin/../lib/gcc/arm-none-eabi/11.3.1/../../../../arm-none-eabi/lib/thumb/v7e-m+fp/hard\libc_nano.a(libc_a-fprintf.o)
                0x00000000080043bc                fiprintf
                0x00000000080043bc                fprintf
 .text._sbrk_r  0x00000000080043e0       0x20 C:/ST/STM32CubeIDE_1.13.2/STM32CubeIDE/plugins/com.st.stm32cube.ide.mcu.externaltools.gnu-tools-for-stm32.11.3.rel1.win32_1.1.100.202309141235/tools/bin/../lib/gcc/arm-none-eabi/11.3.1/../../../../arm-none-eabi/lib/thumb/v7e-m+fp/hard\libc_nano.a(libc_a-sbrkr.o)
                0x00000000080043e0                _sbrk_r
 .text.abort    0x0000000008004400        0xe C:/ST/STM32CubeIDE_1.13.2/STM32CubeIDE/plugins/com.st.stm32cube.ide.mcu.externaltools.gnu-tools-for-stm32.11.3.rel1.win32_1.1.100.202309141235/tools/bin/../lib/gcc/arm-none-eabi/11.3.1/../../../../arm-none-eabi/lib/thumb/v7e-m+fp/hard\libc_nano.a(libc_a-abort.o)
                0x0000000008004400                abort
 .text.__sfputc_r
                0x000000000800440e       0x2e C:/ST/STM32CubeIDE_1.13.2/STM32CubeIDE/plugins/com.st.stm32cube.ide.mcu.externaltools.gnu-tools-for-stm32.11.3.rel1.win32_1.1.100.202309141235/tools/bin/../lib/gcc/arm-none-eabi/11.3.1/../../../../arm-none-eabi/lib/thumb/v7e-m+fp/hard\libc_nano.a(libc_a-nano-vfprintf.o)
 .text.__sfputs_r
                0x000000000800443c       0x24 C:/ST/STM32CubeIDE_1.13.2/STM32CubeIDE/plugins/com.st.stm32cube.ide.mcu.externaltools.gnu-tools-for-stm32.11.3.rel1.win32_1.1.100.202309141235/tools/bin/../lib/gcc/arm-none-eabi/11.3.1/../../../../arm-none-eabi/lib/thumb/v7e-m+fp/hard\libc_nano.a(libc_a-nano-vfprintf.o)
                0x000000000800443c                __sfputs_r
 .text._vfprintf_r
                0x0000000008004460      0x234 C:/ST/STM32CubeIDE_1.13.2/STM32CubeIDE/plugins/com.st.stm32cube.ide.mcu.externaltools.gnu-tools-for-stm32.11.3.rel1.win32_1.1.100.202309141235/tools/bin/../lib/gcc/arm-none-eabi/11.3.1/../../../../arm-none-eabi/lib/thumb/v7e-m+fp/hard\libc_nano.a(libc_a-nano-vfprintf.o)
                0x0000000008004460                _vfprintf_r
                0x0000000008004460                _vfiprintf_r
 .text._printf_common
                0x0000000008004694       0xda C:/ST/STM32CubeIDE_1.13.2/STM32CubeIDE/plugins/com.st.stm32cube.ide.mcu.externaltools.gnu-tools-for-stm32.11.3.rel1.win32_1.1.100.202309141235/tools/bin/../lib/gcc/arm-none-eabi/11.3.1/../../../../arm-none-eabi/lib/thumb/v7e-m+fp/hard\libc_nano.a(libc_a-nano-vfprintf_i.o)
                0x0000000008004694                _printf_common
 *fill*         0x000000000800476e        0x2 
 .text._printf_i
                0x0000000008004770      0x244 C:/ST/STM32CubeIDE_1.13.2/STM32CubeIDE/plugins/com.st.stm32cube.ide.mcu.externaltools.gnu-tools-for-stm32.11.3.rel1.win32_1.1.100.202309141235/tools/bin/../lib/gcc/arm-none-eabi/11.3.1/../../../../arm-none-eabi/lib/thumb/v7e-m+fp/hard\libc_nano.a(libc_a-nano-vfprintf_i.o)
                0x0000000008004770                _printf_i
 .text.__swbuf_r
                0x00000000080049b4       0x7a C:/ST/STM32CubeIDE_1.13.2/STM32CubeIDE/plugins/com.st.stm32cube.ide.mcu.externaltools.gnu-tools-for-stm32.11.3.rel1.win32_1.1.100.202309141235/tools/bin/../lib/gcc/arm-none-eabi/11.3.1/../../../../arm-none-eabi/lib/thumb/v7e-m+fp/hard\libc_nano.a(libc_a-wbuf.o)
                0x00000000080049b4                __swbuf_r
 *fill*         0x0000000008004a2e        0x2 
 .text.__swsetup_r
                0x0000000008004a30       0xb0 C:/ST/STM32CubeIDE_1.13.2/STM32CubeIDE/plugins/com.st.stm32cube.ide.mcu.externaltools.gnu-tools-for-stm32.11.3.rel1.win32_1.1.100.202309141235/tools/bin/../lib/gcc/arm-none-eabi/11.3.1/../../../../arm-none-eabi/lib/thumb/v7e-m+fp/hard\libc_nano.a(libc_a-wsetup.o)
                0x0000000008004a30                __swsetup_r
 .text._raise_r
                0x0000000008004ae0       0x50 C:/ST/STM32CubeIDE_1.13.2/STM32CubeIDE/plugins/com.st.stm32cube.ide.mcu.externaltools.gnu-tools-for-stm32.11.3.rel1.win32_1.1.100.202309141235/tools/bin/../lib/gcc/arm-none-eabi/11.3.1/../../../../arm-none-eabi/lib/thumb/v7e-m+fp/hard\libc_nano.a(libc_a-signal.o)
                0x0000000008004ae0                _raise_r
 .text.raise    0x0000000008004b30       0x10 C:/ST/STM32CubeIDE_1.13.2/STM32CubeIDE/plugins/com.st.stm32cube.ide.mcu.externaltools.gnu-tools-for-stm32.11.3.rel1.win32_1.1.100.202309141235/tools/bin/../lib/gcc/arm-none-eabi/11.3.1/../../../../arm-none-eabi/lib/thumb/v7e-m+fp/hard\libc_nano.a(libc_a-signal.o)
                0x0000000008004b30                raise
 .text._kill_r  0x0000000008004b40       0x24 C:/ST/STM32CubeIDE_1.13.2/STM32CubeIDE/plugins/com.st.stm32cube.ide.mcu.externaltools.gnu-tools-for-stm32.11.3.rel1.win32_1.1.100.202309141235/tools/bin/../lib/gcc/arm-none-eabi/11.3.1/../../../../arm-none-eabi/lib/thumb/v7e-m+fp/hard\libc_nano.a(libc_a-signalr.o)
                0x0000000008004b40                _kill_r
 .text._getpid_r
                0x0000000008004b64        0x4 C:/ST/STM32CubeIDE_1.13.2/STM32CubeIDE/plugins/com.st.stm32cube.ide.mcu.externaltools.gnu-tools-for-stm32.11.3.rel1.win32_1.1.100.202309141235/tools/bin/../lib/gcc/arm-none-eabi/11.3.1/../../../../arm-none-eabi/lib/thumb/v7e-m+fp/hard\libc_nano.a(libc_a-signalr.o)
                0x0000000008004b64                _getpid_r
 .text.__swhatbuf_r
                0x0000000008004b68       0x4c C:/ST/STM32CubeIDE_1.13.2/STM32CubeIDE/plugins/com.st.stm32cube.ide.mcu.externaltools.gnu-tools-for-stm32.11.3.rel1.win32_1.1.100.202309141235/tools/bin/../lib/gcc/arm-none-eabi/11.3.1/../../../../arm-none-eabi/lib/thumb/v7e-m+fp/hard\libc_nano.a(libc_a-makebuf.o)
                0x0000000008004b68                __swhatbuf_r
 .text.__smakebuf_r
                0x0000000008004bb4       0x78 C:/ST/STM32CubeIDE_1.13.2/STM32CubeIDE/plugins/com.st.stm32cube.ide.mcu.externaltools.gnu-tools-for-stm32.11.3.rel1.win32_1.1.100.202309141235/tools/bin/../lib/gcc/arm-none-eabi/11.3.1/../../../../arm-none-eabi/lib/thumb/v7e-m+fp/hard\libc_nano.a(libc_a-makebuf.o)
                0x0000000008004bb4                __smakebuf_r
 .text._fstat_r
                0x0000000008004c2c       0x24 C:/ST/STM32CubeIDE_1.13.2/STM32CubeIDE/plugins/com.st.stm32cube.ide.mcu.externaltools.gnu-tools-for-stm32.11.3.rel1.win32_1.1.100.202309141235/tools/bin/../lib/gcc/arm-none-eabi/11.3.1/../../../../arm-none-eabi/lib/thumb/v7e-m+fp/hard\libc_nano.a(libc_a-fstatr.o)
                0x0000000008004c2c                _fstat_r
 .text._isatty_r
                0x0000000008004c50       0x20 C:/ST/STM32CubeIDE_1.13.2/STM32CubeIDE/plugins/com.st.stm32cube.ide.mcu.externaltools.gnu-tools-for-stm32.11.3.rel1.win32_1.1.100.202309141235/tools/bin/../lib/gcc/arm-none-eabi/11.3.1/../../../../arm-none-eabi/lib/thumb/v7e-m+fp/hard\libc_nano.a(libc_a-isattyr.o)
                0x0000000008004c50                _isatty_r
 *(.glue_7)
 .glue_7        0x0000000008004c70        0x0 linker stubs
 *(.glue_7t)
 .glue_7t       0x0000000008004c70        0x0 linker stubs
 *(.eh_frame)
 .eh_frame      0x0000000008004c70        0x0 C:/ST/STM32CubeIDE_1.13.2/STM32CubeIDE/plugins/com.st.stm32cube.ide.mcu.externaltools.gnu-tools-for-stm32.11.3.rel1.win32_1.1.100.202309141235/tools/bin/../lib/gcc/arm-none-eabi/11.3.1/thumb/v7e-m+fp/hard/crtbegin.o
 *(.init)
 .init          0x0000000008004c70        0x4 C:/ST/STM32CubeIDE_1.13.2/STM32CubeIDE/plugins/com.st.stm32cube.ide.mcu.externaltools.gnu-tools-for-stm32.11.3.rel1.win32_1.1.100.202309141235/tools/bin/../lib/gcc/arm-none-eabi/11.3.1/thumb/v7e-m+fp/hard/crti.o
                0x0000000008004c70                _init
 .init          0x0000000008004c74        0x8 C:/ST/STM32CubeIDE_1.13.2/STM32CubeIDE/plugins/com.st.stm32cube.ide.mcu.externaltools.gnu-tools-for-stm32.11.3.rel1.win32_1.1.100.202309141235/tools/bin/../lib/gcc/arm-none-eabi/11.3.1/thumb/v7e-m+fp/hard/crtn.o
 *(.fini)
 .fini          0x0000000008004c7c        0x4 C:/ST/STM32CubeIDE_1.13.2/STM32CubeIDE/plugins/com.st.stm32cube.ide.mcu.externaltools.gnu-tools-for-stm32.11.3.rel1.win32_1.1.100.202309141235/tools/bin/../lib/gcc/arm-none-eabi/11.3.1/thumb/v7e-m+fp/hard/crti.o
                0x0000000008004c7c                _fini
 .fini          0x0000000008004c80        0x8 C:/ST/STM32CubeIDE_1.13.2/STM32CubeIDE/plugins/com.st.stm32cube.ide.mcu.externaltools.gnu-tools-for-stm32.11.3.rel1.win32_1.1.100.202309141235/tools/bin/../lib/gcc/arm-none-eabi/11.3.1/thumb/v7e-m+fp/hard/crtn.o
                0x0000000008004c88                . = ALIGN (0x4)
                0x0000000008004c88                _etext = .

.vfp11_veneer   0x0000000008004c88        0x0
 .vfp11_veneer  0x0000000008004c88        0x0 linker stubs

.v4_bx          0x0000000008004c88        0x0
 .v4_bx         0x0000000008004c88        0x0 linker stubs

.iplt           0x0000000008004c88        0x0
 .iplt          0x0000000008004c88        0x0 C:/ST/STM32CubeIDE_1.13.2/STM32CubeIDE/plugins/com.st.stm32cube.ide.mcu.externaltools.gnu-tools-for-stm32.11.3.rel1.win32_1.1.100.202309141235/tools/bin/../lib/gcc/arm-none-eabi/11.3.1/thumb/v7e-m+fp/hard/crtbegin.o

.rodata         0x0000000008004c88       0xf8
                0x0000000008004c88                . = ALIGN (0x4)
 *(.rodata)
 *(.rodata*)
 .rodata.AHBPrescTable
                0x0000000008004c88       0x10 ./Core/Src/system_stm32f4xx.o
                0x0000000008004c88                AHBPrescTable
 .rodata.APBPrescTable
                0x0000000008004c98        0x8 ./Core/Src/system_stm32f4xx.o
                0x0000000008004c98                APBPrescTable
 .rodata.srand.str1.1
                0x0000000008004ca0       0x6f C:/ST/STM32CubeIDE_1.13.2/STM32CubeIDE/plugins/com.st.stm32cube.ide.mcu.externaltools.gnu-tools-for-stm32.11.3.rel1.win32_1.1.100.202309141235/tools/bin/../lib/gcc/arm-none-eabi/11.3.1/../../../../arm-none-eabi/lib/thumb/v7e-m+fp/hard\libc_nano.a(libc_a-rand.o)
 .rodata.__assert_func.str1.1
                0x0000000008004d0f       0x3c C:/ST/STM32CubeIDE_1.13.2/STM32CubeIDE/plugins/com.st.stm32cube.ide.mcu.externaltools.gnu-tools-for-stm32.11.3.rel1.win32_1.1.100.202309141235/tools/bin/../lib/gcc/arm-none-eabi/11.3.1/../../../../arm-none-eabi/lib/thumb/v7e-m+fp/hard\libc_nano.a(libc_a-assert.o)
                                         0x3d (size before relaxing)
 .rodata._vfprintf_r.str1.1
                0x0000000008004d4b       0x11 C:/ST/STM32CubeIDE_1.13.2/STM32CubeIDE/plugins/com.st.stm32cube.ide.mcu.externaltools.gnu-tools-for-stm32.11.3.rel1.win32_1.1.100.202309141235/tools/bin/../lib/gcc/arm-none-eabi/11.3.1/../../../../arm-none-eabi/lib/thumb/v7e-m+fp/hard\libc_nano.a(libc_a-nano-vfprintf.o)
 .rodata._printf_i.str1.1
                0x0000000008004d5c       0x22 C:/ST/STM32CubeIDE_1.13.2/STM32CubeIDE/plugins/com.st.stm32cube.ide.mcu.externaltools.gnu-tools-for-stm32.11.3.rel1.win32_1.1.100.202309141235/tools/bin/../lib/gcc/arm-none-eabi/11.3.1/../../../../arm-none-eabi/lib/thumb/v7e-m+fp/hard\libc_nano.a(libc_a-nano-vfprintf_i.o)
                0x0000000008004d80                . = ALIGN (0x4)
 *fill*         0x0000000008004d7e        0x2 

.ARM.extab      0x0000000008004d80        0x0
                0x0000000008004d80                . = ALIGN (0x4)
 *(.ARM.extab* .gnu.linkonce.armextab.*)
                0x0000000008004d80                . = ALIGN (0x4)

.ARM            0x0000000008004d80        0x8
                0x0000000008004d80                . = ALIGN (0x4)
                0x0000000008004d80                __exidx_start = .
 *(.ARM.exidx*)
 .ARM.exidx     0x0000000008004d80        0x8 C:/ST/STM32CubeIDE_1.13.2/STM32CubeIDE/plugins/com.st.stm32cube.ide.mcu.externaltools.gnu-tools-for-stm32.11.3.rel1.win32_1.1.100.202309141235/tools/bin/../lib/gcc/arm-none-eabi/11.3.1/thumb/v7e-m+fp/hard\libgcc.a(_udivmoddi4.o)
                0x0000000008004d88                __exidx_end = .
                0x0000000008004d88                . = ALIGN (0x4)

.rel.dyn        0x0000000008004d88        0x0
 .rel.iplt      0x0000000008004d88        0x0 C:/ST/STM32CubeIDE_1.13.2/STM32CubeIDE/plugins/com.st.stm32cube.ide.mcu.externaltools.gnu-tools-for-stm32.11.3.rel1.win32_1.1.100.202309141235/tools/bin/../lib/gcc/arm-none-eabi/11.3.1/thumb/v7e-m+fp/hard/crtbegin.o

.preinit_array  0x0000000008004d88        0x0
                0x0000000008004d88                . = ALIGN (0x4)
                0x0000000008004d88                PROVIDE (__preinit_array_start = .)
 *(.preinit_array*)
                0x0000000008004d88                PROVIDE (__preinit_array_end = .)
                0x0000000008004d88                . = ALIGN (0x4)

.init_array     0x0000000008004d88        0x8
                0x0000000008004d88                . = ALIGN (0x4)
                0x0000000008004d88                PROVIDE (__init_array_start = .)
 *(SORT_BY_NAME(.init_array.*))
 *(.init_array*)
 .init_array    0x0000000008004d88        0x4 C:/ST/STM32CubeIDE_1.13.2/STM32CubeIDE/plugins/com.st.stm32cube.ide.mcu.externaltools.gnu-tools-for-stm32.11.3.rel1.win32_1.1.100.202309141235/tools/bin/../lib/gcc/arm-none-eabi/11.3.1/thumb/v7e-m+fp/hard/crtbegin.o
 .init_array    0x0000000008004d8c        0x4 ./Core/Src/main.o
                0x0000000008004d90                PROVIDE (__init_array_end = .)
                0x0000000008004d90                . = ALIGN (0x4)

.fini_array     0x0000000008004d90        0x4
                0x0000000008004d90                . = ALIGN (0x4)
                [!provide]                        PROVIDE (__fini_array_start = .)
 *(SORT_BY_NAME(.fini_array.*))
 *(.fini_array*)
 .fini_array    0x0000000008004d90        0x4 C:/ST/STM32CubeIDE_1.13.2/STM32CubeIDE/plugins/com.st.stm32cube.ide.mcu.externaltools.gnu-tools-for-stm32.11.3.rel1.win32_1.1.100.202309141235/tools/bin/../lib/gcc/arm-none-eabi/11.3.1/thumb/v7e-m+fp/hard/crtbegin.o
                [!provide]                        PROVIDE (__fini_array_end = .)
                0x0000000008004d94                . = ALIGN (0x4)
                0x0000000008004d94                _sidata = LOADADDR (.data)

.data           0x0000000020000000       0x68 load address 0x0000000008004d94
                0x0000000020000000                . = ALIGN (0x4)
                0x0000000020000000                _sdata = .
 *(.data)
 *(.data*)
 .data.SystemCoreClock
                0x0000000020000000        0x4 ./Core/Src/system_stm32f4xx.o
                0x0000000020000000                SystemCoreClock
 .data.uwTickPrio
                0x0000000020000004        0x4 ./Drivers/STM32F4xx_HAL_Driver/Src/stm32f4xx_hal.o
                0x0000000020000004                uwTickPrio
 .data.uwTickFreq
                0x0000000020000008        0x1 ./Drivers/STM32F4xx_HAL_Driver/Src/stm32f4xx_hal.o
                0x0000000020000008                uwTickFreq
 *fill*         0x0000000020000009        0x3 
 .data.__sglue  0x000000002000000c        0xc C:/ST/STM32CubeIDE_1.13.2/STM32CubeIDE/plugins/com.st.stm32cube.ide.mcu.externaltools.gnu-tools-for-stm32.11.3.rel1.win32_1.1.100.202309141235/tools/bin/../lib/gcc/arm-none-eabi/11.3.1/../../../../arm-none-eabi/lib/thumb/v7e-m+fp/hard\libc_nano.a(libc_a-findfp.o)
                0x000000002000000c                __sglue
 .data._impure_data
                0x0000000020000018       0x4c C:/ST/STM32CubeIDE_1.13.2/STM32CubeIDE/plugins/com.st.stm32cube.ide.mcu.externaltools.gnu-tools-for-stm32.11.3.rel1.win32_1.1.100.202309141235/tools/bin/../lib/gcc/arm-none-eabi/11.3.1/../../../../arm-none-eabi/lib/thumb/v7e-m+fp/hard\libc_nano.a(libc_a-impure.o)
                0x0000000020000018                _impure_data
 .data._impure_ptr
                0x0000000020000064        0x4 C:/ST/STM32CubeIDE_1.13.2/STM32CubeIDE/plugins/com.st.stm32cube.ide.mcu.externaltools.gnu-tools-for-stm32.11.3.rel1.win32_1.1.100.202309141235/tools/bin/../lib/gcc/arm-none-eabi/11.3.1/../../../../arm-none-eabi/lib/thumb/v7e-m+fp/hard\libc_nano.a(libc_a-impure.o)
                0x0000000020000064                _impure_ptr
 *(.RamFunc)
 *(.RamFunc*)
                0x0000000020000068                . = ALIGN (0x4)
                0x0000000020000068                _edata = .

.igot.plt       0x0000000020000068        0x0 load address 0x0000000008004dfc
 .igot.plt      0x0000000020000068        0x0 C:/ST/STM32CubeIDE_1.13.2/STM32CubeIDE/plugins/com.st.stm32cube.ide.mcu.externaltools.gnu-tools-for-stm32.11.3.rel1.win32_1.1.100.202309141235/tools/bin/../lib/gcc/arm-none-eabi/11.3.1/thumb/v7e-m+fp/hard/crtbegin.o
                0x0000000020000068                . = ALIGN (0x4)

.bss            0x0000000020000068      0x2f0 load address 0x0000000008004dfc
                0x0000000020000068                _sbss = .
                0x0000000020000068                __bss_start__ = _sbss
 *(.bss)
 .bss           0x0000000020000068       0x1c C:/ST/STM32CubeIDE_1.13.2/STM32CubeIDE/plugins/com.st.stm32cube.ide.mcu.externaltools.gnu-tools-for-stm32.11.3.rel1.win32_1.1.100.202309141235/tools/bin/../lib/gcc/arm-none-eabi/11.3.1/thumb/v7e-m+fp/hard/crtbegin.o
 *(.bss*)
 .bss.hadc1     0x0000000020000084       0x48 ./Core/Src/main.o
                0x0000000020000084                hadc1
 .bss.hspi1     0x00000000200000cc       0x58 ./Core/Src/main.o
                0x00000000200000cc                hspi1
 .bss.huart2    0x0000000020000124       0x44 ./Core/Src/main.o
                0x0000000020000124                huart2
 .bss.snake     0x0000000020000168       0x9c ./Core/Src/main.o
                0x0000000020000168                snake
 .bss.__sbrk_heap_end
                0x0000000020000204        0x4 ./Core/Src/sysmem.o
 .bss.uwTick    0x0000000020000208        0x4 ./Drivers/STM32F4xx_HAL_Driver/Src/stm32f4xx_hal.o
                0x0000000020000208                uwTick
 .bss.__sf      0x000000002000020c      0x138 C:/ST/STM32CubeIDE_1.13.2/STM32CubeIDE/plugins/com.st.stm32cube.ide.mcu.externaltools.gnu-tools-for-stm32.11.3.rel1.win32_1.1.100.202309141235/tools/bin/../lib/gcc/arm-none-eabi/11.3.1/../../../../arm-none-eabi/lib/thumb/v7e-m+fp/hard\libc_nano.a(libc_a-findfp.o)
                0x000000002000020c                __sf
 .bss.__stdio_exit_handler
                0x0000000020000344        0x4 C:/ST/STM32CubeIDE_1.13.2/STM32CubeIDE/plugins/com.st.stm32cube.ide.mcu.externaltools.gnu-tools-for-stm32.11.3.rel1.win32_1.1.100.202309141235/tools/bin/../lib/gcc/arm-none-eabi/11.3.1/../../../../arm-none-eabi/lib/thumb/v7e-m+fp/hard\libc_nano.a(libc_a-findfp.o)
                0x0000000020000344                __stdio_exit_handler
 .bss.errno     0x0000000020000348        0x4 C:/ST/STM32CubeIDE_1.13.2/STM32CubeIDE/plugins/com.st.stm32cube.ide.mcu.externaltools.gnu-tools-for-stm32.11.3.rel1.win32_1.1.100.202309141235/tools/bin/../lib/gcc/arm-none-eabi/11.3.1/../../../../arm-none-eabi/lib/thumb/v7e-m+fp/hard\libc_nano.a(libc_a-reent.o)
                0x0000000020000348                errno
 .bss.__lock___malloc_recursive_mutex
                0x000000002000034c        0x1 C:/ST/STM32CubeIDE_1.13.2/STM32CubeIDE/plugins/com.st.stm32cube.ide.mcu.externaltools.gnu-tools-for-stm32.11.3.rel1.win32_1.1.100.202309141235/tools/bin/../lib/gcc/arm-none-eabi/11.3.1/../../../../arm-none-eabi/lib/thumb/v7e-m+fp/hard\libc_nano.a(libc_a-lock.o)
                0x000000002000034c                __lock___malloc_recursive_mutex
 .bss.__lock___sfp_recursive_mutex
                0x000000002000034d        0x1 C:/ST/STM32CubeIDE_1.13.2/STM32CubeIDE/plugins/com.st.stm32cube.ide.mcu.externaltools.gnu-tools-for-stm32.11.3.rel1.win32_1.1.100.202309141235/tools/bin/../lib/gcc/arm-none-eabi/11.3.1/../../../../arm-none-eabi/lib/thumb/v7e-m+fp/hard\libc_nano.a(libc_a-lock.o)
                0x000000002000034d                __lock___sfp_recursive_mutex
 *fill*         0x000000002000034e        0x2 
 .bss.__malloc_free_list
                0x0000000020000350        0x4 C:/ST/STM32CubeIDE_1.13.2/STM32CubeIDE/plugins/com.st.stm32cube.ide.mcu.externaltools.gnu-tools-for-stm32.11.3.rel1.win32_1.1.100.202309141235/tools/bin/../lib/gcc/arm-none-eabi/11.3.1/../../../../arm-none-eabi/lib/thumb/v7e-m+fp/hard\libc_nano.a(libc_a-mallocr.o)
                0x0000000020000350                __malloc_free_list
 .bss.__malloc_sbrk_start
                0x0000000020000354        0x4 C:/ST/STM32CubeIDE_1.13.2/STM32CubeIDE/plugins/com.st.stm32cube.ide.mcu.externaltools.gnu-tools-for-stm32.11.3.rel1.win32_1.1.100.202309141235/tools/bin/../lib/gcc/arm-none-eabi/11.3.1/../../../../arm-none-eabi/lib/thumb/v7e-m+fp/hard\libc_nano.a(libc_a-mallocr.o)
                0x0000000020000354                __malloc_sbrk_start
 *(COMMON)
                0x0000000020000358                . = ALIGN (0x4)
                0x0000000020000358                _ebss = .
                0x0000000020000358                __bss_end__ = _ebss

._user_heap_stack
                0x0000000020000358      0x600 load address 0x0000000008004dfc
                0x0000000020000358                . = ALIGN (0x8)
                [!provide]                        PROVIDE (end = .)
                0x0000000020000358                PROVIDE (_end = .)
                0x0000000020000558                . = (. + _Min_Heap_Size)
 *fill*         0x0000000020000358      0x200 
                0x0000000020000958                . = (. + _Min_Stack_Size)
 *fill*         0x0000000020000558      0x400 
                0x0000000020000958                . = ALIGN (0x8)

/DISCARD/
 libc.a(*)
 libm.a(*)
 libgcc.a(*)

.ARM.attributes
                0x0000000000000000       0x30
 *(.ARM.attributes)
 .ARM.attributes
                0x0000000000000000       0x1e C:/ST/STM32CubeIDE_1.13.2/STM32CubeIDE/plugins/com.st.stm32cube.ide.mcu.externaltools.gnu-tools-for-stm32.11.3.rel1.win32_1.1.100.202309141235/tools/bin/../lib/gcc/arm-none-eabi/11.3.1/thumb/v7e-m+fp/hard/crti.o
 .ARM.attributes
                0x000000000000001e       0x34 C:/ST/STM32CubeIDE_1.13.2/STM32CubeIDE/plugins/com.st.stm32cube.ide.mcu.externaltools.gnu-tools-for-stm32.11.3.rel1.win32_1.1.100.202309141235/tools/bin/../lib/gcc/arm-none-eabi/11.3.1/thumb/v7e-m+fp/hard/crtbegin.o
 .ARM.attributes
                0x0000000000000052       0x34 ./Core/Src/MAX7219.o
 .ARM.attributes
                0x0000000000000086       0x34 ./Core/Src/Snake_game.o
 .ARM.attributes
                0x00000000000000ba       0x34 ./Core/Src/main.o
 .ARM.attributes
                0x00000000000000ee       0x34 ./Core/Src/stm32f4xx_hal_msp.o
 .ARM.attributes
                0x0000000000000122       0x34 ./Core/Src/stm32f4xx_it.o
 .ARM.attributes
                0x0000000000000156       0x34 ./Core/Src/syscalls.o
 .ARM.attributes
                0x000000000000018a       0x34 ./Core/Src/sysmem.o
 .ARM.attributes
                0x00000000000001be       0x34 ./Core/Src/system_stm32f4xx.o
 .ARM.attributes
                0x00000000000001f2       0x21 ./Core/Startup/startup_stm32f446retx.o
 .ARM.attributes
                0x0000000000000213       0x34 ./Drivers/STM32F4xx_HAL_Driver/Src/stm32f4xx_hal.o
 .ARM.attributes
                0x0000000000000247       0x34 ./Drivers/STM32F4xx_HAL_Driver/Src/stm32f4xx_hal_adc.o
 .ARM.attributes
                0x000000000000027b       0x34 ./Drivers/STM32F4xx_HAL_Driver/Src/stm32f4xx_hal_cortex.o
 .ARM.attributes
                0x00000000000002af       0x34 ./Drivers/STM32F4xx_HAL_Driver/Src/stm32f4xx_hal_gpio.o
 .ARM.attributes
                0x00000000000002e3       0x34 ./Drivers/STM32F4xx_HAL_Driver/Src/stm32f4xx_hal_rcc.o
 .ARM.attributes
                0x0000000000000317       0x34 ./Drivers/STM32F4xx_HAL_Driver/Src/stm32f4xx_hal_rcc_ex.o
 .ARM.attributes
                0x000000000000034b       0x34 ./Drivers/STM32F4xx_HAL_Driver/Src/stm32f4xx_hal_spi.o
 .ARM.attributes
                0x000000000000037f       0x34 ./Drivers/STM32F4xx_HAL_Driver/Src/stm32f4xx_hal_uart.o
 .ARM.attributes
                0x00000000000003b3       0x34 C:/ST/STM32CubeIDE_1.13.2/STM32CubeIDE/plugins/com.st.stm32cube.ide.mcu.externaltools.gnu-tools-for-stm32.11.3.rel1.win32_1.1.100.202309141235/tools/bin/../lib/gcc/arm-none-eabi/11.3.1/../../../../arm-none-eabi/lib/thumb/v7e-m+fp/hard\libc_nano.a(libc_a-rand.o)
 .ARM.attributes
                0x00000000000003e7       0x34 C:/ST/STM32CubeIDE_1.13.2/STM32CubeIDE/plugins/com.st.stm32cube.ide.mcu.externaltools.gnu-tools-for-stm32.11.3.rel1.win32_1.1.100.202309141235/tools/bin/../lib/gcc/arm-none-eabi/11.3.1/../../../../arm-none-eabi/lib/thumb/v7e-m+fp/hard\libc_nano.a(libc_a-findfp.o)
 .ARM.attributes
                0x000000000000041b       0x34 C:/ST/STM32CubeIDE_1.13.2/STM32CubeIDE/plugins/com.st.stm32cube.ide.mcu.externaltools.gnu-tools-for-stm32.11.3.rel1.win32_1.1.100.202309141235/tools/bin/../lib/gcc/arm-none-eabi/11.3.1/../../../../arm-none-eabi/lib/thumb/v7e-m+fp/hard\libc_nano.a(libc_a-fwalk.o)
 .ARM.attributes
                0x000000000000044f       0x34 C:/ST/STM32CubeIDE_1.13.2/STM32CubeIDE/plugins/com.st.stm32cube.ide.mcu.externaltools.gnu-tools-for-stm32.11.3.rel1.win32_1.1.100.202309141235/tools/bin/../lib/gcc/arm-none-eabi/11.3.1/../../../../arm-none-eabi/lib/thumb/v7e-m+fp/hard\libc_nano.a(libc_a-stdio.o)
 .ARM.attributes
                0x0000000000000483       0x34 C:/ST/STM32CubeIDE_1.13.2/STM32CubeIDE/plugins/com.st.stm32cube.ide.mcu.externaltools.gnu-tools-for-stm32.11.3.rel1.win32_1.1.100.202309141235/tools/bin/../lib/gcc/arm-none-eabi/11.3.1/../../../../arm-none-eabi/lib/thumb/v7e-m+fp/hard\libc_nano.a(libc_a-memset.o)
 .ARM.attributes
                0x00000000000004b7       0x34 C:/ST/STM32CubeIDE_1.13.2/STM32CubeIDE/plugins/com.st.stm32cube.ide.mcu.externaltools.gnu-tools-for-stm32.11.3.rel1.win32_1.1.100.202309141235/tools/bin/../lib/gcc/arm-none-eabi/11.3.1/../../../../arm-none-eabi/lib/thumb/v7e-m+fp/hard\libc_nano.a(libc_a-closer.o)
 .ARM.attributes
                0x00000000000004eb       0x34 C:/ST/STM32CubeIDE_1.13.2/STM32CubeIDE/plugins/com.st.stm32cube.ide.mcu.externaltools.gnu-tools-for-stm32.11.3.rel1.win32_1.1.100.202309141235/tools/bin/../lib/gcc/arm-none-eabi/11.3.1/../../../../arm-none-eabi/lib/thumb/v7e-m+fp/hard\libc_nano.a(libc_a-reent.o)
 .ARM.attributes
                0x000000000000051f       0x34 C:/ST/STM32CubeIDE_1.13.2/STM32CubeIDE/plugins/com.st.stm32cube.ide.mcu.externaltools.gnu-tools-for-stm32.11.3.rel1.win32_1.1.100.202309141235/tools/bin/../lib/gcc/arm-none-eabi/11.3.1/../../../../arm-none-eabi/lib/thumb/v7e-m+fp/hard\libc_nano.a(libc_a-impure.o)
 .ARM.attributes
                0x0000000000000553       0x34 C:/ST/STM32CubeIDE_1.13.2/STM32CubeIDE/plugins/com.st.stm32cube.ide.mcu.externaltools.gnu-tools-for-stm32.11.3.rel1.win32_1.1.100.202309141235/tools/bin/../lib/gcc/arm-none-eabi/11.3.1/../../../../arm-none-eabi/lib/thumb/v7e-m+fp/hard\libc_nano.a(libc_a-lseekr.o)
 .ARM.attributes
                0x0000000000000587       0x34 C:/ST/STM32CubeIDE_1.13.2/STM32CubeIDE/plugins/com.st.stm32cube.ide.mcu.externaltools.gnu-tools-for-stm32.11.3.rel1.win32_1.1.100.202309141235/tools/bin/../lib/gcc/arm-none-eabi/11.3.1/../../../../arm-none-eabi/lib/thumb/v7e-m+fp/hard\libc_nano.a(libc_a-readr.o)
 .ARM.attributes
                0x00000000000005bb       0x34 C:/ST/STM32CubeIDE_1.13.2/STM32CubeIDE/plugins/com.st.stm32cube.ide.mcu.externaltools.gnu-tools-for-stm32.11.3.rel1.win32_1.1.100.202309141235/tools/bin/../lib/gcc/arm-none-eabi/11.3.1/../../../../arm-none-eabi/lib/thumb/v7e-m+fp/hard\libc_nano.a(libc_a-writer.o)
 .ARM.attributes
                0x00000000000005ef       0x34 C:/ST/STM32CubeIDE_1.13.2/STM32CubeIDE/plugins/com.st.stm32cube.ide.mcu.externaltools.gnu-tools-for-stm32.11.3.rel1.win32_1.1.100.202309141235/tools/bin/../lib/gcc/arm-none-eabi/11.3.1/../../../../arm-none-eabi/lib/thumb/v7e-m+fp/hard\libc_nano.a(libc_a-errno.o)
 .ARM.attributes
                0x0000000000000623       0x34 C:/ST/STM32CubeIDE_1.13.2/STM32CubeIDE/plugins/com.st.stm32cube.ide.mcu.externaltools.gnu-tools-for-stm32.11.3.rel1.win32_1.1.100.202309141235/tools/bin/../lib/gcc/arm-none-eabi/11.3.1/../../../../arm-none-eabi/lib/thumb/v7e-m+fp/hard\libc_nano.a(libc_a-init.o)
 .ARM.attributes
                0x0000000000000657       0x34 C:/ST/STM32CubeIDE_1.13.2/STM32CubeIDE/plugins/com.st.stm32cube.ide.mcu.externaltools.gnu-tools-for-stm32.11.3.rel1.win32_1.1.100.202309141235/tools/bin/../lib/gcc/arm-none-eabi/11.3.1/../../../../arm-none-eabi/lib/thumb/v7e-m+fp/hard\libc_nano.a(libc_a-lock.o)
 .ARM.attributes
                0x000000000000068b       0x34 C:/ST/STM32CubeIDE_1.13.2/STM32CubeIDE/plugins/com.st.stm32cube.ide.mcu.externaltools.gnu-tools-for-stm32.11.3.rel1.win32_1.1.100.202309141235/tools/bin/../lib/gcc/arm-none-eabi/11.3.1/../../../../arm-none-eabi/lib/thumb/v7e-m+fp/hard\libc_nano.a(libc_a-assert.o)
 .ARM.attributes
                0x00000000000006bf       0x34 C:/ST/STM32CubeIDE_1.13.2/STM32CubeIDE/plugins/com.st.stm32cube.ide.mcu.externaltools.gnu-tools-for-stm32.11.3.rel1.win32_1.1.100.202309141235/tools/bin/../lib/gcc/arm-none-eabi/11.3.1/../../../../arm-none-eabi/lib/thumb/v7e-m+fp/hard\libc_nano.a(libc_a-freer.o)
 .ARM.attributes
                0x00000000000006f3       0x34 C:/ST/STM32CubeIDE_1.13.2/STM32CubeIDE/plugins/com.st.stm32cube.ide.mcu.externaltools.gnu-tools-for-stm32.11.3.rel1.win32_1.1.100.202309141235/tools/bin/../lib/gcc/arm-none-eabi/11.3.1/../../../../arm-none-eabi/lib/thumb/v7e-m+fp/hard\libc_nano.a(libc_a-malloc.o)
 .ARM.attributes
                0x0000000000000727       0x34 C:/ST/STM32CubeIDE_1.13.2/STM32CubeIDE/plugins/com.st.stm32cube.ide.mcu.externaltools.gnu-tools-for-stm32.11.3.rel1.win32_1.1.100.202309141235/tools/bin/../lib/gcc/arm-none-eabi/11.3.1/../../../../arm-none-eabi/lib/thumb/v7e-m+fp/hard\libc_nano.a(libc_a-mallocr.o)
 .ARM.attributes
                0x000000000000075b       0x34 C:/ST/STM32CubeIDE_1.13.2/STM32CubeIDE/plugins/com.st.stm32cube.ide.mcu.externaltools.gnu-tools-for-stm32.11.3.rel1.win32_1.1.100.202309141235/tools/bin/../lib/gcc/arm-none-eabi/11.3.1/../../../../arm-none-eabi/lib/thumb/v7e-m+fp/hard\libc_nano.a(libc_a-mlock.o)
 .ARM.attributes
                0x000000000000078f       0x34 C:/ST/STM32CubeIDE_1.13.2/STM32CubeIDE/plugins/com.st.stm32cube.ide.mcu.externaltools.gnu-tools-for-stm32.11.3.rel1.win32_1.1.100.202309141235/tools/bin/../lib/gcc/arm-none-eabi/11.3.1/../../../../arm-none-eabi/lib/thumb/v7e-m+fp/hard\libc_nano.a(libc_a-fflush.o)
 .ARM.attributes
                0x00000000000007c3       0x34 C:/ST/STM32CubeIDE_1.13.2/STM32CubeIDE/plugins/com.st.stm32cube.ide.mcu.externaltools.gnu-tools-for-stm32.11.3.rel1.win32_1.1.100.202309141235/tools/bin/../lib/gcc/arm-none-eabi/11.3.1/../../../../arm-none-eabi/lib/thumb/v7e-m+fp/hard\libc_nano.a(libc_a-fprintf.o)
 .ARM.attributes
                0x00000000000007f7       0x34 C:/ST/STM32CubeIDE_1.13.2/STM32CubeIDE/plugins/com.st.stm32cube.ide.mcu.externaltools.gnu-tools-for-stm32.11.3.rel1.win32_1.1.100.202309141235/tools/bin/../lib/gcc/arm-none-eabi/11.3.1/../../../../arm-none-eabi/lib/thumb/v7e-m+fp/hard\libc_nano.a(libc_a-sbrkr.o)
 .ARM.attributes
                0x000000000000082b       0x34 C:/ST/STM32CubeIDE_1.13.2/STM32CubeIDE/plugins/com.st.stm32cube.ide.mcu.externaltools.gnu-tools-for-stm32.11.3.rel1.win32_1.1.100.202309141235/tools/bin/../lib/gcc/arm-none-eabi/11.3.1/../../../../arm-none-eabi/lib/thumb/v7e-m+fp/hard\libc_nano.a(libc_a-abort.o)
 .ARM.attributes
                0x000000000000085f       0x34 C:/ST/STM32CubeIDE_1.13.2/STM32CubeIDE/plugins/com.st.stm32cube.ide.mcu.externaltools.gnu-tools-for-stm32.11.3.rel1.win32_1.1.100.202309141235/tools/bin/../lib/gcc/arm-none-eabi/11.3.1/../../../../arm-none-eabi/lib/thumb/v7e-m+fp/hard\libc_nano.a(libc_a-nano-vfprintf.o)
 .ARM.attributes
                0x0000000000000893       0x34 C:/ST/STM32CubeIDE_1.13.2/STM32CubeIDE/plugins/com.st.stm32cube.ide.mcu.externaltools.gnu-tools-for-stm32.11.3.rel1.win32_1.1.100.202309141235/tools/bin/../lib/gcc/arm-none-eabi/11.3.1/../../../../arm-none-eabi/lib/thumb/v7e-m+fp/hard\libc_nano.a(libc_a-nano-vfprintf_i.o)
 .ARM.attributes
                0x00000000000008c7       0x34 C:/ST/STM32CubeIDE_1.13.2/STM32CubeIDE/plugins/com.st.stm32cube.ide.mcu.externaltools.gnu-tools-for-stm32.11.3.rel1.win32_1.1.100.202309141235/tools/bin/../lib/gcc/arm-none-eabi/11.3.1/../../../../arm-none-eabi/lib/thumb/v7e-m+fp/hard\libc_nano.a(libc_a-wbuf.o)
 .ARM.attributes
                0x00000000000008fb       0x34 C:/ST/STM32CubeIDE_1.13.2/STM32CubeIDE/plugins/com.st.stm32cube.ide.mcu.externaltools.gnu-tools-for-stm32.11.3.rel1.win32_1.1.100.202309141235/tools/bin/../lib/gcc/arm-none-eabi/11.3.1/../../../../arm-none-eabi/lib/thumb/v7e-m+fp/hard\libc_nano.a(libc_a-wsetup.o)
 .ARM.attributes
                0x000000000000092f       0x34 C:/ST/STM32CubeIDE_1.13.2/STM32CubeIDE/plugins/com.st.stm32cube.ide.mcu.externaltools.gnu-tools-for-stm32.11.3.rel1.win32_1.1.100.202309141235/tools/bin/../lib/gcc/arm-none-eabi/11.3.1/../../../../arm-none-eabi/lib/thumb/v7e-m+fp/hard\libc_nano.a(libc_a-signal.o)
 .ARM.attributes
                0x0000000000000963       0x34 C:/ST/STM32CubeIDE_1.13.2/STM32CubeIDE/plugins/com.st.stm32cube.ide.mcu.externaltools.gnu-tools-for-stm32.11.3.rel1.win32_1.1.100.202309141235/tools/bin/../lib/gcc/arm-none-eabi/11.3.1/../../../../arm-none-eabi/lib/thumb/v7e-m+fp/hard\libc_nano.a(libc_a-signalr.o)
 .ARM.attributes
                0x0000000000000997       0x1c C:/ST/STM32CubeIDE_1.13.2/STM32CubeIDE/plugins/com.st.stm32cube.ide.mcu.externaltools.gnu-tools-for-stm32.11.3.rel1.win32_1.1.100.202309141235/tools/bin/../lib/gcc/arm-none-eabi/11.3.1/../../../../arm-none-eabi/lib/thumb/v7e-m+fp/hard\libc_nano.a(libc_a-memchr.o)
 .ARM.attributes
                0x00000000000009b3       0x34 C:/ST/STM32CubeIDE_1.13.2/STM32CubeIDE/plugins/com.st.stm32cube.ide.mcu.externaltools.gnu-tools-for-stm32.11.3.rel1.win32_1.1.100.202309141235/tools/bin/../lib/gcc/arm-none-eabi/11.3.1/../../../../arm-none-eabi/lib/thumb/v7e-m+fp/hard\libc_nano.a(libc_a-makebuf.o)
 .ARM.attributes
                0x00000000000009e7       0x34 C:/ST/STM32CubeIDE_1.13.2/STM32CubeIDE/plugins/com.st.stm32cube.ide.mcu.externaltools.gnu-tools-for-stm32.11.3.rel1.win32_1.1.100.202309141235/tools/bin/../lib/gcc/arm-none-eabi/11.3.1/../../../../arm-none-eabi/lib/thumb/v7e-m+fp/hard\libc_nano.a(libc_a-fstatr.o)
 .ARM.attributes
                0x0000000000000a1b       0x34 C:/ST/STM32CubeIDE_1.13.2/STM32CubeIDE/plugins/com.st.stm32cube.ide.mcu.externaltools.gnu-tools-for-stm32.11.3.rel1.win32_1.1.100.202309141235/tools/bin/../lib/gcc/arm-none-eabi/11.3.1/../../../../arm-none-eabi/lib/thumb/v7e-m+fp/hard\libc_nano.a(libc_a-isattyr.o)
 .ARM.attributes
                0x0000000000000a4f       0x1e C:/ST/STM32CubeIDE_1.13.2/STM32CubeIDE/plugins/com.st.stm32cube.ide.mcu.externaltools.gnu-tools-for-stm32.11.3.rel1.win32_1.1.100.202309141235/tools/bin/../lib/gcc/arm-none-eabi/11.3.1/thumb/v7e-m+fp/hard\libgcc.a(_aeabi_uldivmod.o)
 .ARM.attributes
                0x0000000000000a6d       0x34 C:/ST/STM32CubeIDE_1.13.2/STM32CubeIDE/plugins/com.st.stm32cube.ide.mcu.externaltools.gnu-tools-for-stm32.11.3.rel1.win32_1.1.100.202309141235/tools/bin/../lib/gcc/arm-none-eabi/11.3.1/thumb/v7e-m+fp/hard\libgcc.a(_udivmoddi4.o)
 .ARM.attributes
                0x0000000000000aa1       0x1e C:/ST/STM32CubeIDE_1.13.2/STM32CubeIDE/plugins/com.st.stm32cube.ide.mcu.externaltools.gnu-tools-for-stm32.11.3.rel1.win32_1.1.100.202309141235/tools/bin/../lib/gcc/arm-none-eabi/11.3.1/thumb/v7e-m+fp/hard\libgcc.a(_dvmd_tls.o)
 .ARM.attributes
                0x0000000000000abf       0x1e C:/ST/STM32CubeIDE_1.13.2/STM32CubeIDE/plugins/com.st.stm32cube.ide.mcu.externaltools.gnu-tools-for-stm32.11.3.rel1.win32_1.1.100.202309141235/tools/bin/../lib/gcc/arm-none-eabi/11.3.1/thumb/v7e-m+fp/hard/crtn.o
OUTPUT(Snake.elf elf32-littlearm)
LOAD linker stubs
LOAD C:/ST/STM32CubeIDE_1.13.2/STM32CubeIDE/plugins/com.st.stm32cube.ide.mcu.externaltools.gnu-tools-for-stm32.11.3.rel1.win32_1.1.100.202309141235/tools/bin/../lib/gcc/arm-none-eabi/11.3.1/../../../../arm-none-eabi/lib/thumb/v7e-m+fp/hard\libc.a
LOAD C:/ST/STM32CubeIDE_1.13.2/STM32CubeIDE/plugins/com.st.stm32cube.ide.mcu.externaltools.gnu-tools-for-stm32.11.3.rel1.win32_1.1.100.202309141235/tools/bin/../lib/gcc/arm-none-eabi/11.3.1/../../../../arm-none-eabi/lib/thumb/v7e-m+fp/hard\libm.a
LOAD C:/ST/STM32CubeIDE_1.13.2/STM32CubeIDE/plugins/com.st.stm32cube.ide.mcu.externaltools.gnu-tools-for-stm32.11.3.rel1.win32_1.1.100.202309141235/tools/bin/../lib/gcc/arm-none-eabi/11.3.1/thumb/v7e-m+fp/hard\libgcc.a

.comment        0x0000000000000000       0x43
 .comment       0x0000000000000000       0x43 C:/ST/STM32CubeIDE_1.13.2/STM32CubeIDE/plugins/com.st.stm32cube.ide.mcu.externaltools.gnu-tools-for-stm32.11.3.rel1.win32_1.1.100.202309141235/tools/bin/../lib/gcc/arm-none-eabi/11.3.1/thumb/v7e-m+fp/hard/crtbegin.o
                                         0x44 (size before relaxing)
 .comment       0x0000000000000043       0x44 ./Core/Src/MAX7219.o
 .comment       0x0000000000000043       0x44 ./Core/Src/Snake_game.o
 .comment       0x0000000000000043       0x44 ./Core/Src/main.o
 .comment       0x0000000000000043       0x44 ./Core/Src/stm32f4xx_hal_msp.o
 .comment       0x0000000000000043       0x44 ./Core/Src/stm32f4xx_it.o
 .comment       0x0000000000000043       0x44 ./Core/Src/syscalls.o
 .comment       0x0000000000000043       0x44 ./Core/Src/sysmem.o
 .comment       0x0000000000000043       0x44 ./Core/Src/system_stm32f4xx.o
 .comment       0x0000000000000043       0x44 ./Drivers/STM32F4xx_HAL_Driver/Src/stm32f4xx_hal.o
 .comment       0x0000000000000043       0x44 ./Drivers/STM32F4xx_HAL_Driver/Src/stm32f4xx_hal_adc.o
 .comment       0x0000000000000043       0x44 ./Drivers/STM32F4xx_HAL_Driver/Src/stm32f4xx_hal_cortex.o
 .comment       0x0000000000000043       0x44 ./Drivers/STM32F4xx_HAL_Driver/Src/stm32f4xx_hal_gpio.o
 .comment       0x0000000000000043       0x44 ./Drivers/STM32F4xx_HAL_Driver/Src/stm32f4xx_hal_rcc.o
 .comment       0x0000000000000043       0x44 ./Drivers/STM32F4xx_HAL_Driver/Src/stm32f4xx_hal_rcc_ex.o
 .comment       0x0000000000000043       0x44 ./Drivers/STM32F4xx_HAL_Driver/Src/stm32f4xx_hal_spi.o
 .comment       0x0000000000000043       0x44 ./Drivers/STM32F4xx_HAL_Driver/Src/stm32f4xx_hal_uart.o

.debug_info     0x0000000000000000     0xdb03
 .debug_info    0x0000000000000000      0x914 ./Core/Src/MAX7219.o
 .debug_info    0x0000000000000914     0x14b1 ./Core/Src/Snake_game.o
 .debug_info    0x0000000000001dc5     0x1cef ./Core/Src/main.o
 .debug_info    0x0000000000003ab4      0xeee ./Core/Src/stm32f4xx_hal_msp.o
 .debug_info    0x00000000000049a2      0x112 ./Core/Src/stm32f4xx_it.o
 .debug_info    0x0000000000004ab4      0x6a3 ./Core/Src/syscalls.o
 .debug_info    0x0000000000005157      0x168 ./Core/Src/sysmem.o
 .debug_info    0x00000000000052bf      0x54a ./Core/Src/system_stm32f4xx.o
 .debug_info    0x0000000000005809       0x23 ./Core/Startup/startup_stm32f446retx.o
 .debug_info    0x000000000000582c      0x99e ./Drivers/STM32F4xx_HAL_Driver/Src/stm32f4xx_hal.o
 .debug_info    0x00000000000061ca      0xcd4 ./Drivers/STM32F4xx_HAL_Driver/Src/stm32f4xx_hal_adc.o
 .debug_info    0x0000000000006e9e      0xd64 ./Drivers/STM32F4xx_HAL_Driver/Src/stm32f4xx_hal_cortex.o
 .debug_info    0x0000000000007c02      0x70b ./Drivers/STM32F4xx_HAL_Driver/Src/stm32f4xx_hal_gpio.o
 .debug_info    0x000000000000830d      0x8ed ./Drivers/STM32F4xx_HAL_Driver/Src/stm32f4xx_hal_rcc.o
 .debug_info    0x0000000000008bfa      0x956 ./Drivers/STM32F4xx_HAL_Driver/Src/stm32f4xx_hal_rcc_ex.o
 .debug_info    0x0000000000009550     0x15fb ./Drivers/STM32F4xx_HAL_Driver/Src/stm32f4xx_hal_spi.o
 .debug_info    0x000000000000ab4b     0x2fb8 ./Drivers/STM32F4xx_HAL_Driver/Src/stm32f4xx_hal_uart.o

.debug_abbrev   0x0000000000000000     0x23ae
 .debug_abbrev  0x0000000000000000      0x25b ./Core/Src/MAX7219.o
 .debug_abbrev  0x000000000000025b      0x394 ./Core/Src/Snake_game.o
 .debug_abbrev  0x00000000000005ef      0x43a ./Core/Src/main.o
 .debug_abbrev  0x0000000000000a29      0x1c2 ./Core/Src/stm32f4xx_hal_msp.o
 .debug_abbrev  0x0000000000000beb       0x73 ./Core/Src/stm32f4xx_it.o
 .debug_abbrev  0x0000000000000c5e      0x1b6 ./Core/Src/syscalls.o
 .debug_abbrev  0x0000000000000e14       0xbc ./Core/Src/sysmem.o
 .debug_abbrev  0x0000000000000ed0      0x11a ./Core/Src/system_stm32f4xx.o
 .debug_abbrev  0x0000000000000fea       0x12 ./Core/Startup/startup_stm32f446retx.o
 .debug_abbrev  0x0000000000000ffc      0x213 ./Drivers/STM32F4xx_HAL_Driver/Src/stm32f4xx_hal.o
 .debug_abbrev  0x000000000000120f      0x252 ./Drivers/STM32F4xx_HAL_Driver/Src/stm32f4xx_hal_adc.o
 .debug_abbrev  0x0000000000001461      0x327 ./Drivers/STM32F4xx_HAL_Driver/Src/stm32f4xx_hal_cortex.o
 .debug_abbrev  0x0000000000001788      0x1d4 ./Drivers/STM32F4xx_HAL_Driver/Src/stm32f4xx_hal_gpio.o
 .debug_abbrev  0x000000000000195c      0x2b6 ./Drivers/STM32F4xx_HAL_Driver/Src/stm32f4xx_hal_rcc.o
 .debug_abbrev  0x0000000000001c12      0x20a ./Drivers/STM32F4xx_HAL_Driver/Src/stm32f4xx_hal_rcc_ex.o
 .debug_abbrev  0x0000000000001e1c      0x284 ./Drivers/STM32F4xx_HAL_Driver/Src/stm32f4xx_hal_spi.o
 .debug_abbrev  0x00000000000020a0      0x30e ./Drivers/STM32F4xx_HAL_Driver/Src/stm32f4xx_hal_uart.o

.debug_aranges  0x0000000000000000      0xae8
 .debug_aranges
                0x0000000000000000       0x40 ./Core/Src/MAX7219.o
 .debug_aranges
                0x0000000000000040       0x68 ./Core/Src/Snake_game.o
 .debug_aranges
                0x00000000000000a8       0x60 ./Core/Src/main.o
 .debug_aranges
                0x0000000000000108       0x50 ./Core/Src/stm32f4xx_hal_msp.o
 .debug_aranges
                0x0000000000000158       0x60 ./Core/Src/stm32f4xx_it.o
 .debug_aranges
                0x00000000000001b8       0xa8 ./Core/Src/syscalls.o
 .debug_aranges
                0x0000000000000260       0x20 ./Core/Src/sysmem.o
 .debug_aranges
                0x0000000000000280       0x28 ./Core/Src/system_stm32f4xx.o
 .debug_aranges
                0x00000000000002a8       0x28 ./Core/Startup/startup_stm32f446retx.o
 .debug_aranges
                0x00000000000002d0       0xf0 ./Drivers/STM32F4xx_HAL_Driver/Src/stm32f4xx_hal.o
 .debug_aranges
                0x00000000000003c0       0xe8 ./Drivers/STM32F4xx_HAL_Driver/Src/stm32f4xx_hal_adc.o
 .debug_aranges
                0x00000000000004a8      0x118 ./Drivers/STM32F4xx_HAL_Driver/Src/stm32f4xx_hal_cortex.o
 .debug_aranges
                0x00000000000005c0       0x58 ./Drivers/STM32F4xx_HAL_Driver/Src/stm32f4xx_hal_gpio.o
 .debug_aranges
                0x0000000000000618       0x88 ./Drivers/STM32F4xx_HAL_Driver/Src/stm32f4xx_hal_rcc.o
 .debug_aranges
                0x00000000000006a0       0x78 ./Drivers/STM32F4xx_HAL_Driver/Src/stm32f4xx_hal_rcc_ex.o
 .debug_aranges
                0x0000000000000718      0x1d0 ./Drivers/STM32F4xx_HAL_Driver/Src/stm32f4xx_hal_spi.o
 .debug_aranges
                0x00000000000008e8      0x200 ./Drivers/STM32F4xx_HAL_Driver/Src/stm32f4xx_hal_uart.o

.debug_rnglists
                0x0000000000000000      0x856
 .debug_rnglists
                0x0000000000000000       0x2c ./Core/Src/MAX7219.o
 .debug_rnglists
                0x000000000000002c       0x4d ./Core/Src/Snake_game.o
 .debug_rnglists
                0x0000000000000079       0x46 ./Core/Src/main.o
 .debug_rnglists
                0x00000000000000bf       0x3a ./Core/Src/stm32f4xx_hal_msp.o
 .debug_rnglists
                0x00000000000000f9       0x43 ./Core/Src/stm32f4xx_it.o
 .debug_rnglists
                0x000000000000013c       0x79 ./Core/Src/syscalls.o
 .debug_rnglists
                0x00000000000001b5       0x13 ./Core/Src/sysmem.o
 .debug_rnglists
                0x00000000000001c8       0x1a ./Core/Src/system_stm32f4xx.o
 .debug_rnglists
                0x00000000000001e2       0x19 ./Core/Startup/startup_stm32f446retx.o
 .debug_rnglists
                0x00000000000001fb       0xaf ./Drivers/STM32F4xx_HAL_Driver/Src/stm32f4xx_hal.o
 .debug_rnglists
                0x00000000000002aa       0xb5 ./Drivers/STM32F4xx_HAL_Driver/Src/stm32f4xx_hal_adc.o
 .debug_rnglists
                0x000000000000035f       0xce ./Drivers/STM32F4xx_HAL_Driver/Src/stm32f4xx_hal_cortex.o
 .debug_rnglists
                0x000000000000042d       0x3f ./Drivers/STM32F4xx_HAL_Driver/Src/stm32f4xx_hal_gpio.o
 .debug_rnglists
                0x000000000000046c       0x66 ./Drivers/STM32F4xx_HAL_Driver/Src/stm32f4xx_hal_rcc.o
 .debug_rnglists
                0x00000000000004d2       0x5e ./Drivers/STM32F4xx_HAL_Driver/Src/stm32f4xx_hal_rcc_ex.o
 .debug_rnglists
                0x0000000000000530      0x16f ./Drivers/STM32F4xx_HAL_Driver/Src/stm32f4xx_hal_spi.o
 .debug_rnglists
                0x000000000000069f      0x1b7 ./Drivers/STM32F4xx_HAL_Driver/Src/stm32f4xx_hal_uart.o

.debug_macro    0x0000000000000000    0x26735
 .debug_macro   0x0000000000000000      0x200 ./Core/Src/MAX7219.o
 .debug_macro   0x0000000000000200      0xb80 ./Core/Src/MAX7219.o
 .debug_macro   0x0000000000000d80      0x2a1 ./Core/Src/MAX7219.o
 .debug_macro   0x0000000000001021       0x2e ./Core/Src/MAX7219.o
 .debug_macro   0x000000000000104f       0x28 ./Core/Src/MAX7219.o
 .debug_macro   0x0000000000001077       0x1c ./Core/Src/MAX7219.o
 .debug_macro   0x0000000000001093       0x22 ./Core/Src/MAX7219.o
 .debug_macro   0x00000000000010b5       0x8e ./Core/Src/MAX7219.o
 .debug_macro   0x0000000000001143       0x51 ./Core/Src/MAX7219.o
 .debug_macro   0x0000000000001194      0x103 ./Core/Src/MAX7219.o
 .debug_macro   0x0000000000001297       0x6a ./Core/Src/MAX7219.o
 .debug_macro   0x0000000000001301      0x1df ./Core/Src/MAX7219.o
 .debug_macro   0x00000000000014e0       0x1c ./Core/Src/MAX7219.o
 .debug_macro   0x00000000000014fc       0x22 ./Core/Src/MAX7219.o
 .debug_macro   0x000000000000151e       0xd9 ./Core/Src/MAX7219.o
 .debug_macro   0x00000000000015f7     0x102d ./Core/Src/MAX7219.o
 .debug_macro   0x0000000000002624      0x11f ./Core/Src/MAX7219.o
 .debug_macro   0x0000000000002743    0x16749 ./Core/Src/MAX7219.o
 .debug_macro   0x0000000000018e8c       0x6d ./Core/Src/MAX7219.o
 .debug_macro   0x0000000000018ef9     0x367e ./Core/Src/MAX7219.o
 .debug_macro   0x000000000001c577      0x17b ./Core/Src/MAX7219.o
 .debug_macro   0x000000000001c6f2       0x5c ./Core/Src/MAX7219.o
 .debug_macro   0x000000000001c74e      0xc90 ./Core/Src/MAX7219.o
 .debug_macro   0x000000000001d3de      0x9fe ./Core/Src/MAX7219.o
 .debug_macro   0x000000000001dddc      0x115 ./Core/Src/MAX7219.o
 .debug_macro   0x000000000001def1      0x1a0 ./Core/Src/MAX7219.o
 .debug_macro   0x000000000001e091       0xa5 ./Core/Src/MAX7219.o
 .debug_macro   0x000000000001e136      0x16d ./Core/Src/MAX7219.o
 .debug_macro   0x000000000001e2a3      0x287 ./Core/Src/MAX7219.o
 .debug_macro   0x000000000001e52a       0x5f ./Core/Src/MAX7219.o
 .debug_macro   0x000000000001e589      0x236 ./Core/Src/MAX7219.o
 .debug_macro   0x000000000001e7bf      0xb5b ./Core/Src/MAX7219.o
 .debug_macro   0x000000000001f31a      0x38b ./Core/Src/MAX7219.o
 .debug_macro   0x000000000001f6a5      0x17d ./Core/Src/MAX7219.o
 .debug_macro   0x000000000001f822       0xf9 ./Core/Src/MAX7219.o
 .debug_macro   0x000000000001f91b      0x132 ./Core/Src/MAX7219.o
 .debug_macro   0x000000000001fa4d      0x29c ./Core/Src/MAX7219.o
 .debug_macro   0x000000000001fce9       0x2e ./Core/Src/MAX7219.o
 .debug_macro   0x000000000001fd17      0x11a ./Core/Src/MAX7219.o
 .debug_macro   0x000000000001fe31       0xe8 ./Core/Src/MAX7219.o
 .debug_macro   0x000000000001ff19       0x89 ./Core/Src/MAX7219.o
 .debug_macro   0x000000000001ffa2      0x225 ./Core/Src/MAX7219.o
 .debug_macro   0x00000000000201c7      0x295 ./Core/Src/MAX7219.o
 .debug_macro   0x000000000002045c      0x126 ./Core/Src/MAX7219.o
 .debug_macro   0x0000000000020582       0x76 ./Core/Src/MAX7219.o
 .debug_macro   0x00000000000205f8      0x31a ./Core/Src/Snake_game.o
 .debug_macro   0x0000000000020912      0x1b2 ./Core/Src/Snake_game.o
 .debug_macro   0x0000000000020ac4       0x10 ./Core/Src/Snake_game.o
 .debug_macro   0x0000000000020ad4      0x3ed ./Core/Src/Snake_game.o
 .debug_macro   0x0000000000020ec1       0x10 ./Core/Src/Snake_game.o
 .debug_macro   0x0000000000020ed1       0x2a ./Core/Src/Snake_game.o
 .debug_macro   0x0000000000020efb       0x5b ./Core/Src/Snake_game.o
 .debug_macro   0x0000000000020f56       0x94 ./Core/Src/Snake_game.o
 .debug_macro   0x0000000000020fea       0x43 ./Core/Src/Snake_game.o
 .debug_macro   0x000000000002102d       0x34 ./Core/Src/Snake_game.o
 .debug_macro   0x0000000000021061       0x16 ./Core/Src/Snake_game.o
 .debug_macro   0x0000000000021077      0x10e ./Core/Src/Snake_game.o
 .debug_macro   0x0000000000021185       0x94 ./Core/Src/Snake_game.o
 .debug_macro   0x0000000000021219       0x16 ./Core/Src/Snake_game.o
 .debug_macro   0x000000000002122f       0x43 ./Core/Src/Snake_game.o
 .debug_macro   0x0000000000021272       0x57 ./Core/Src/Snake_game.o
 .debug_macro   0x00000000000212c9       0x34 ./Core/Src/Snake_game.o
 .debug_macro   0x00000000000212fd       0x10 ./Core/Src/Snake_game.o
 .debug_macro   0x000000000002130d       0x58 ./Core/Src/Snake_game.o
 .debug_macro   0x0000000000021365       0x8e ./Core/Src/Snake_game.o
 .debug_macro   0x00000000000213f3       0x16 ./Core/Src/Snake_game.o
 .debug_macro   0x0000000000021409      0x177 ./Core/Src/Snake_game.o
 .debug_macro   0x0000000000021580      0x38c ./Core/Src/Snake_game.o
 .debug_macro   0x000000000002190c       0x16 ./Core/Src/Snake_game.o
 .debug_macro   0x0000000000021922       0x29 ./Core/Src/Snake_game.o
 .debug_macro   0x000000000002194b       0x1c ./Core/Src/Snake_game.o
 .debug_macro   0x0000000000021967       0xde ./Core/Src/Snake_game.o
 .debug_macro   0x0000000000021a45       0x56 ./Core/Src/Snake_game.o
 .debug_macro   0x0000000000021a9b      0x393 ./Core/Src/main.o
 .debug_macro   0x0000000000021e2e       0x4c ./Core/Src/main.o
 .debug_macro   0x0000000000021e7a       0x61 ./Core/Src/main.o
 .debug_macro   0x0000000000021edb       0x10 ./Core/Src/main.o
 .debug_macro   0x0000000000021eeb       0x35 ./Core/Src/main.o
 .debug_macro   0x0000000000021f20       0x20 ./Core/Src/main.o
 .debug_macro   0x0000000000021f40       0x1c ./Core/Src/main.o
 .debug_macro   0x0000000000021f5c       0x10 ./Core/Src/main.o
 .debug_macro   0x0000000000021f6c       0x1c ./Core/Src/main.o
 .debug_macro   0x0000000000021f88       0x16 ./Core/Src/main.o
 .debug_macro   0x0000000000021f9e      0x139 ./Core/Src/main.o
 .debug_macro   0x00000000000220d7       0x7c ./Core/Src/main.o
 .debug_macro   0x0000000000022153      0x1fb ./Core/Src/stm32f4xx_hal_msp.o
 .debug_macro   0x000000000002234e      0xaa8 ./Core/Src/stm32f4xx_hal_msp.o
 .debug_macro   0x0000000000022df6     0x102d ./Core/Src/stm32f4xx_hal_msp.o
 .debug_macro   0x0000000000023e23      0x174 ./Core/Src/stm32f4xx_hal_msp.o
 .debug_macro   0x0000000000023f97      0x205 ./Core/Src/stm32f4xx_it.o
 .debug_macro   0x000000000002419c      0x274 ./Core/Src/syscalls.o
 .debug_macro   0x0000000000024410       0x34 ./Core/Src/syscalls.o
 .debug_macro   0x0000000000024444      0x369 ./Core/Src/syscalls.o
 .debug_macro   0x00000000000247ad       0x43 ./Core/Src/syscalls.o
 .debug_macro   0x00000000000247f0       0x1c ./Core/Src/syscalls.o
 .debug_macro   0x000000000002480c       0x10 ./Core/Src/syscalls.o
 .debug_macro   0x000000000002481c       0x35 ./Core/Src/syscalls.o
 .debug_macro   0x0000000000024851       0x10 ./Core/Src/syscalls.o
 .debug_macro   0x0000000000024861       0x10 ./Core/Src/syscalls.o
 .debug_macro   0x0000000000024871       0x10 ./Core/Src/syscalls.o
 .debug_macro   0x0000000000024881       0x1c ./Core/Src/syscalls.o
 .debug_macro   0x000000000002489d       0x52 ./Core/Src/syscalls.o
 .debug_macro   0x00000000000248ef       0x22 ./Core/Src/syscalls.o
 .debug_macro   0x0000000000024911       0x10 ./Core/Src/syscalls.o
 .debug_macro   0x0000000000024921       0x52 ./Core/Src/syscalls.o
 .debug_macro   0x0000000000024973       0xcf ./Core/Src/syscalls.o
 .debug_macro   0x0000000000024a42       0x1c ./Core/Src/syscalls.o
 .debug_macro   0x0000000000024a5e       0x3d ./Core/Src/syscalls.o
 .debug_macro   0x0000000000024a9b       0x35 ./Core/Src/syscalls.o
 .debug_macro   0x0000000000024ad0      0x12c ./Core/Src/syscalls.o
 .debug_macro   0x0000000000024bfc       0x10 ./Core/Src/syscalls.o
 .debug_macro   0x0000000000024c0c      0x242 ./Core/Src/syscalls.o
 .debug_macro   0x0000000000024e4e       0x10 ./Core/Src/syscalls.o
 .debug_macro   0x0000000000024e5e      0x147 ./Core/Src/syscalls.o
 .debug_macro   0x0000000000024fa5      0x18a ./Core/Src/syscalls.o